<?xml version="1.0"?>
<link_info>
   <banner>TMS320C55x Linker PC v4.4.1</banner>
   <copyright>Copyright (c) 1996-2012 Texas Instruments Incorporated</copyright>
   <link_time>0x5c40991c</link_time>
   <output_file>iir_filters_for_students.out</output_file>
   <entry_point>
      <name>_c_int00</name>
      <address>0x13fca</address>
   </entry_point>
   <input_file_list>
      <input_file id="fl-2">
         <path>.\</path>
         <kind>object</kind>
         <file>aic3204_init.obj</file>
         <name>aic3204_init.obj</name>
      </input_file>
      <input_file id="fl-3">
         <path>.\</path>
         <kind>object</kind>
         <file>fix_point_iir_example_for_students.obj</file>
         <name>fix_point_iir_example_for_students.obj</name>
      </input_file>
      <input_file id="fl-1b">
         <path>C:\ti\C5500 Code Generation Tools 4.4.1\lib\</path>
         <kind>archive</kind>
         <file>rts55x.lib</file>
         <name>boot.obj</name>
      </input_file>
      <input_file id="fl-1c">
         <path>C:\ti\C5500 Code Generation Tools 4.4.1\lib\</path>
         <kind>archive</kind>
         <file>rts55x.lib</file>
         <name>exit.obj</name>
      </input_file>
      <input_file id="fl-1d">
         <path>C:\ti\C5500 Code Generation Tools 4.4.1\lib\</path>
         <kind>archive</kind>
         <file>rts55x.lib</file>
         <name>printf.obj</name>
      </input_file>
      <input_file id="fl-1e">
         <path>C:\ti\C5500 Code Generation Tools 4.4.1\lib\</path>
         <kind>archive</kind>
         <file>rts55x.lib</file>
         <name>vectors.obj</name>
      </input_file>
      <input_file id="fl-1f">
         <path>C:\ti\C5500 Code Generation Tools 4.4.1\lib\</path>
         <kind>archive</kind>
         <file>rts55x.lib</file>
         <name>_lock.obj</name>
      </input_file>
      <input_file id="fl-20">
         <path>C:\ti\C5500 Code Generation Tools 4.4.1\lib\</path>
         <kind>archive</kind>
         <file>rts55x.lib</file>
         <name>_printfi.obj</name>
      </input_file>
      <input_file id="fl-21">
         <path>C:\ti\C5500 Code Generation Tools 4.4.1\lib\</path>
         <kind>archive</kind>
         <file>rts55x.lib</file>
         <name>args_main.obj</name>
      </input_file>
      <input_file id="fl-22">
         <path>C:\ti\C5500 Code Generation Tools 4.4.1\lib\</path>
         <kind>archive</kind>
         <file>rts55x.lib</file>
         <name>atoi.obj</name>
      </input_file>
      <input_file id="fl-23">
         <path>C:\ti\C5500 Code Generation Tools 4.4.1\lib\</path>
         <kind>archive</kind>
         <file>rts55x.lib</file>
         <name>autoinit.obj</name>
      </input_file>
      <input_file id="fl-24">
         <path>C:\ti\C5500 Code Generation Tools 4.4.1\lib\</path>
         <kind>archive</kind>
         <file>rts55x.lib</file>
         <name>cmpd.obj</name>
      </input_file>
      <input_file id="fl-25">
         <path>C:\ti\C5500 Code Generation Tools 4.4.1\lib\</path>
         <kind>archive</kind>
         <file>rts55x.lib</file>
         <name>ctype.obj</name>
      </input_file>
      <input_file id="fl-26">
         <path>C:\ti\C5500 Code Generation Tools 4.4.1\lib\</path>
         <kind>archive</kind>
         <file>rts55x.lib</file>
         <name>defs.obj</name>
      </input_file>
      <input_file id="fl-27">
         <path>C:\ti\C5500 Code Generation Tools 4.4.1\lib\</path>
         <kind>archive</kind>
         <file>rts55x.lib</file>
         <name>divd.obj</name>
      </input_file>
      <input_file id="fl-28">
         <path>C:\ti\C5500 Code Generation Tools 4.4.1\lib\</path>
         <kind>archive</kind>
         <file>rts55x.lib</file>
         <name>divul.obj</name>
      </input_file>
      <input_file id="fl-29">
         <path>C:\ti\C5500 Code Generation Tools 4.4.1\lib\</path>
         <kind>archive</kind>
         <file>rts55x.lib</file>
         <name>fixdi.obj</name>
      </input_file>
      <input_file id="fl-2a">
         <path>C:\ti\C5500 Code Generation Tools 4.4.1\lib\</path>
         <kind>archive</kind>
         <file>rts55x.lib</file>
         <name>fixdli.obj</name>
      </input_file>
      <input_file id="fl-2b">
         <path>C:\ti\C5500 Code Generation Tools 4.4.1\lib\</path>
         <kind>archive</kind>
         <file>rts55x.lib</file>
         <name>fltlid.obj</name>
      </input_file>
      <input_file id="fl-2c">
         <path>C:\ti\C5500 Code Generation Tools 4.4.1\lib\</path>
         <kind>archive</kind>
         <file>rts55x.lib</file>
         <name>fputc.obj</name>
      </input_file>
      <input_file id="fl-2d">
         <path>C:\ti\C5500 Code Generation Tools 4.4.1\lib\</path>
         <kind>archive</kind>
         <file>rts55x.lib</file>
         <name>fputs.obj</name>
      </input_file>
      <input_file id="fl-2e">
         <path>C:\ti\C5500 Code Generation Tools 4.4.1\lib\</path>
         <kind>archive</kind>
         <file>rts55x.lib</file>
         <name>frcmpyd_div.obj</name>
      </input_file>
      <input_file id="fl-2f">
         <path>C:\ti\C5500 Code Generation Tools 4.4.1\lib\</path>
         <kind>archive</kind>
         <file>rts55x.lib</file>
         <name>isinf.obj</name>
      </input_file>
      <input_file id="fl-30">
         <path>C:\ti\C5500 Code Generation Tools 4.4.1\lib\</path>
         <kind>archive</kind>
         <file>rts55x.lib</file>
         <name>llmpy.obj</name>
      </input_file>
      <input_file id="fl-31">
         <path>C:\ti\C5500 Code Generation Tools 4.4.1\lib\</path>
         <kind>archive</kind>
         <file>rts55x.lib</file>
         <name>lmpy.obj</name>
      </input_file>
      <input_file id="fl-32">
         <path>C:\ti\C5500 Code Generation Tools 4.4.1\lib\</path>
         <kind>archive</kind>
         <file>rts55x.lib</file>
         <name>lowlev.obj</name>
      </input_file>
      <input_file id="fl-33">
         <path>C:\ti\C5500 Code Generation Tools 4.4.1\lib\</path>
         <kind>archive</kind>
         <file>rts55x.lib</file>
         <name>ltoa.obj</name>
      </input_file>
      <input_file id="fl-34">
         <path>C:\ti\C5500 Code Generation Tools 4.4.1\lib\</path>
         <kind>archive</kind>
         <file>rts55x.lib</file>
         <name>memccpy.obj</name>
      </input_file>
      <input_file id="fl-35">
         <path>C:\ti\C5500 Code Generation Tools 4.4.1\lib\</path>
         <kind>archive</kind>
         <file>rts55x.lib</file>
         <name>memcpy.obj</name>
      </input_file>
      <input_file id="fl-36">
         <path>C:\ti\C5500 Code Generation Tools 4.4.1\lib\</path>
         <kind>archive</kind>
         <file>rts55x.lib</file>
         <name>mpyd.obj</name>
      </input_file>
      <input_file id="fl-37">
         <path>C:\ti\C5500 Code Generation Tools 4.4.1\lib\</path>
         <kind>archive</kind>
         <file>rts55x.lib</file>
         <name>negd.obj</name>
      </input_file>
      <input_file id="fl-38">
         <path>C:\ti\C5500 Code Generation Tools 4.4.1\lib\</path>
         <kind>archive</kind>
         <file>rts55x.lib</file>
         <name>remli.obj</name>
      </input_file>
      <input_file id="fl-39">
         <path>C:\ti\C5500 Code Generation Tools 4.4.1\lib\</path>
         <kind>archive</kind>
         <file>rts55x.lib</file>
         <name>remul.obj</name>
      </input_file>
      <input_file id="fl-3a">
         <path>C:\ti\C5500 Code Generation Tools 4.4.1\lib\</path>
         <kind>archive</kind>
         <file>rts55x.lib</file>
         <name>subd.obj</name>
      </input_file>
      <input_file id="fl-3b">
         <path>C:\ti\C5500 Code Generation Tools 4.4.1\lib\</path>
         <kind>archive</kind>
         <file>rts55x.lib</file>
         <name>trgdrv.obj</name>
      </input_file>
      <input_file id="fl-3c">
         <path>C:\ti\C5500 Code Generation Tools 4.4.1\lib\</path>
         <kind>archive</kind>
         <file>rts55x.lib</file>
         <name>trgmsg.obj</name>
      </input_file>
      <input_file id="fl-3d">
         <path>C:\ti\C5500 Code Generation Tools 4.4.1\lib\</path>
         <kind>archive</kind>
         <file>rts55x.lib</file>
         <name>udiv.obj</name>
      </input_file>
      <input_file id="fl-3e">
         <path>C:\ti\C5500 Code Generation Tools 4.4.1\lib\</path>
         <kind>archive</kind>
         <file>rts55x.lib</file>
         <name>_io_perm.obj</name>
      </input_file>
      <input_file id="fl-3f">
         <path>C:\ti\C5500 Code Generation Tools 4.4.1\lib\</path>
         <kind>archive</kind>
         <file>rts55x.lib</file>
         <name>addd.obj</name>
      </input_file>
      <input_file id="fl-40">
         <path>C:\ti\C5500 Code Generation Tools 4.4.1\lib\</path>
         <kind>archive</kind>
         <file>rts55x.lib</file>
         <name>divli.obj</name>
      </input_file>
      <input_file id="fl-41">
         <path>C:\ti\C5500 Code Generation Tools 4.4.1\lib\</path>
         <kind>archive</kind>
         <file>rts55x.lib</file>
         <name>fflush.obj</name>
      </input_file>
      <input_file id="fl-42">
         <path>C:\ti\C5500 Code Generation Tools 4.4.1\lib\</path>
         <kind>archive</kind>
         <file>rts55x.lib</file>
         <name>frcmpyd.obj</name>
      </input_file>
      <input_file id="fl-43">
         <path>C:\ti\C5500 Code Generation Tools 4.4.1\lib\</path>
         <kind>archive</kind>
         <file>rts55x.lib</file>
         <name>fseek.obj</name>
      </input_file>
      <input_file id="fl-44">
         <path>C:\ti\C5500 Code Generation Tools 4.4.1\lib\</path>
         <kind>archive</kind>
         <file>rts55x.lib</file>
         <name>setvbuf.obj</name>
      </input_file>
      <input_file id="fl-45">
         <path>C:\ti\C5500 Code Generation Tools 4.4.1\lib\</path>
         <kind>archive</kind>
         <file>rts55x.lib</file>
         <name>fopen.obj</name>
      </input_file>
      <input_file id="fl-46">
         <path>C:\ti\C5500 Code Generation Tools 4.4.1\lib\</path>
         <kind>archive</kind>
         <file>rts55x.lib</file>
         <name>memory.obj</name>
      </input_file>
      <input_file id="fl-47">
         <path>C:\ti\C5500 Code Generation Tools 4.4.1\lib\</path>
         <kind>archive</kind>
         <file>rts55x.lib</file>
         <name>fclose.obj</name>
      </input_file>
      <input_file id="fl-48">
         <path>C:\ti\C5500 Code Generation Tools 4.4.1\lib\</path>
         <kind>archive</kind>
         <file>rts55x.lib</file>
         <name>remove.obj</name>
      </input_file>
      <input_file id="fl-49">
         <path>C:\Users\gilles.mottiez\Desktop\C5505_CCS8\lib\</path>
         <kind>archive</kind>
         <file>usbstk5505bsl.lib</file>
         <name>usbstk5505_led.obj</name>
      </input_file>
      <input_file id="fl-4a">
         <path>C:\Users\gilles.mottiez\Desktop\C5505_CCS8\lib\</path>
         <kind>archive</kind>
         <file>usbstk5505bsl.lib</file>
         <name>usbstk5505_i2c.obj</name>
      </input_file>
      <input_file id="fl-4b">
         <path>C:\Users\gilles.mottiez\Desktop\C5505_CCS8\lib\</path>
         <kind>archive</kind>
         <file>usbstk5505bsl.lib</file>
         <name>usbstk5505_gpio.obj</name>
      </input_file>
      <input_file id="fl-4c">
         <path>C:\Users\gilles.mottiez\Desktop\C5505_CCS8\lib\</path>
         <kind>archive</kind>
         <file>usbstk5505bsl.lib</file>
         <name>usbstk5505.obj</name>
      </input_file>
   </input_file_list>
   <object_component_list>
      <object_component id="oc-2a">
         <name>vectors</name>
         <load_address>0xffff00</load_address>
         <run_address>0xffff00</run_address>
         <size>0x100</size>
         <input_file_ref idref="fl-1e"/>
      </object_component>
      <object_component id="oc-81">
         <name>.cinit</name>
         <load_address>0xa48</load_address>
         <run_address>0xa48</run_address>
         <size>0x5a</size>
         <input_file_ref idref="fl-32"/>
      </object_component>
      <object_component id="oc-4e">
         <name>.cinit</name>
         <load_address>0xaa2</load_address>
         <run_address>0xaa2</run_address>
         <size>0x54</size>
         <input_file_ref idref="fl-26"/>
      </object_component>
      <object_component id="oc-16">
         <name>.cinit</name>
         <load_address>0xaf6</load_address>
         <run_address>0xaf6</run_address>
         <size>0x44</size>
         <input_file_ref idref="fl-3"/>
      </object_component>
      <object_component id="oc-31">
         <name>.cinit</name>
         <load_address>0xb3a</load_address>
         <run_address>0xb3a</run_address>
         <size>0x14</size>
         <input_file_ref idref="fl-1f"/>
      </object_component>
      <object_component id="oc-21">
         <name>.cinit</name>
         <load_address>0xb4e</load_address>
         <run_address>0xb4e</run_address>
         <size>0x14</size>
         <input_file_ref idref="fl-1c"/>
      </object_component>
      <object_component id="oc-d2">
         <name>.cinit</name>
         <load_address>0xb62</load_address>
         <run_address>0xb62</run_address>
         <size>0x8</size>
         <input_file_ref idref="fl-45"/>
      </object_component>
      <object_component id="oc-d8">
         <name>.cinit</name>
         <load_address>0xb6a</load_address>
         <run_address>0xb6a</run_address>
         <size>0x8</size>
         <input_file_ref idref="fl-46"/>
      </object_component>
      <object_component id="oc-ec">
         <name>.cinit</name>
         <load_address>0xb72</load_address>
         <run_address>0xb72</run_address>
         <size>0x8</size>
         <input_file_ref idref="fl-4a"/>
      </object_component>
      <object_component id="oc-34">
         <name>.text</name>
         <load_address>0x10000</load_address>
         <run_address>0x10000</run_address>
         <size>0x15a4</size>
         <input_file_ref idref="fl-20"/>
      </object_component>
      <object_component id="oc-7e">
         <name>.text</name>
         <load_address>0x115a4</load_address>
         <run_address>0x115a4</run_address>
         <size>0x543</size>
         <input_file_ref idref="fl-32"/>
      </object_component>
      <object_component id="oc-d5">
         <name>.text</name>
         <load_address>0x11ae7</load_address>
         <run_address>0x11ae7</run_address>
         <size>0x4b5</size>
         <input_file_ref idref="fl-46"/>
      </object_component>
      <object_component id="oc-3e">
         <name>.text</name>
         <load_address>0x11f9c</load_address>
         <run_address>0x11f9c</run_address>
         <size>0x5c</size>
         <input_file_ref idref="fl-22"/>
      </object_component>
      <object_component id="oc-22">
         <name>.text:CIO_breakpoint</name>
         <load_address>0x11ff8</load_address>
         <run_address>0x11ff8</run_address>
         <size>0x7</size>
         <input_file_ref idref="fl-1c"/>
      </object_component>
      <object_component id="oc-a4">
         <name>.text</name>
         <load_address>0x12000</load_address>
         <run_address>0x12000</run_address>
         <size>0x528</size>
         <input_file_ref idref="fl-3b"/>
      </object_component>
      <object_component id="oc-50">
         <name>.text</name>
         <load_address>0x12528</load_address>
         <run_address>0x12528</run_address>
         <size>0x3cc</size>
         <input_file_ref idref="fl-27"/>
      </object_component>
      <object_component id="oc-d">
         <name>.text</name>
         <load_address>0x128f4</load_address>
         <run_address>0x128f4</run_address>
         <size>0x360</size>
         <input_file_ref idref="fl-2"/>
      </object_component>
      <object_component id="oc-cf">
         <name>.text</name>
         <load_address>0x12c54</load_address>
         <run_address>0x12c54</run_address>
         <size>0x27f</size>
         <input_file_ref idref="fl-45"/>
      </object_component>
      <object_component id="oc-76">
         <name>.text</name>
         <load_address>0x12ed3</load_address>
         <run_address>0x12ed3</run_address>
         <size>0x25e</size>
         <input_file_ref idref="fl-30"/>
      </object_component>
      <object_component id="oc-b7">
         <name>.text</name>
         <load_address>0x13131</load_address>
         <run_address>0x13131</run_address>
         <size>0x25a</size>
         <input_file_ref idref="fl-3f"/>
      </object_component>
      <object_component id="oc-46">
         <name>.text</name>
         <load_address>0x1338b</load_address>
         <run_address>0x1338b</run_address>
         <size>0x1ea</size>
         <input_file_ref idref="fl-24"/>
      </object_component>
      <object_component id="oc-13">
         <name>.text</name>
         <load_address>0x13575</load_address>
         <run_address>0x13575</run_address>
         <size>0x1d9</size>
         <input_file_ref idref="fl-3"/>
      </object_component>
      <object_component id="oc-f0">
         <name>.text</name>
         <load_address>0x1374e</load_address>
         <run_address>0x1374e</run_address>
         <size>0x164</size>
         <input_file_ref idref="fl-4b"/>
      </object_component>
      <object_component id="oc-69">
         <name>.text</name>
         <load_address>0x138b2</load_address>
         <run_address>0x138b2</run_address>
         <size>0x163</size>
         <input_file_ref idref="fl-2d"/>
      </object_component>
      <object_component id="oc-90">
         <name>.text</name>
         <load_address>0x13a15</load_address>
         <run_address>0x13a15</run_address>
         <size>0x14c</size>
         <input_file_ref idref="fl-36"/>
      </object_component>
      <object_component id="oc-e9">
         <name>.text</name>
         <load_address>0x13b61</load_address>
         <run_address>0x13b61</run_address>
         <size>0x12a</size>
         <input_file_ref idref="fl-4a"/>
      </object_component>
      <object_component id="oc-cb">
         <name>.text</name>
         <load_address>0x13c8b</load_address>
         <run_address>0x13c8b</run_address>
         <size>0xe6</size>
         <input_file_ref idref="fl-44"/>
      </object_component>
      <object_component id="oc-b3">
         <name>.text</name>
         <load_address>0x13d71</load_address>
         <run_address>0x13d71</run_address>
         <size>0xdd</size>
         <input_file_ref idref="fl-3e"/>
      </object_component>
      <object_component id="oc-bf">
         <name>.text</name>
         <load_address>0x13e4e</load_address>
         <run_address>0x13e4e</run_address>
         <size>0xc2</size>
         <input_file_ref idref="fl-41"/>
      </object_component>
      <object_component id="oc-ac">
         <name>.text:CIO_breakpoint</name>
         <load_address>0x13f10</load_address>
         <run_address>0x13f10</run_address>
         <size>0xba</size>
         <input_file_ref idref="fl-3c"/>
      </object_component>
      <object_component id="oc-c">
         <name>.text</name>
         <load_address>0x13fca</load_address>
         <run_address>0x13fca</run_address>
         <size>0x34</size>
         <input_file_ref idref="fl-1b"/>
      </object_component>
      <object_component id="oc-65">
         <name>.text</name>
         <load_address>0x14000</load_address>
         <run_address>0x14000</run_address>
         <size>0xa6</size>
         <input_file_ref idref="fl-2c"/>
      </object_component>
      <object_component id="oc-54">
         <name>.text</name>
         <load_address>0x140a6</load_address>
         <run_address>0x140a6</run_address>
         <size>0xa1</size>
         <input_file_ref idref="fl-28"/>
      </object_component>
      <object_component id="oc-84">
         <name>.text</name>
         <load_address>0x14147</load_address>
         <run_address>0x14147</run_address>
         <size>0x7d</size>
         <input_file_ref idref="fl-33"/>
      </object_component>
      <object_component id="oc-dc">
         <name>.text</name>
         <load_address>0x141c4</load_address>
         <run_address>0x141c4</run_address>
         <size>0x7b</size>
         <input_file_ref idref="fl-47"/>
      </object_component>
      <object_component id="oc-c3">
         <name>.text</name>
         <load_address>0x1423f</load_address>
         <run_address>0x1423f</run_address>
         <size>0x76</size>
         <input_file_ref idref="fl-42"/>
      </object_component>
      <object_component id="oc-6e">
         <name>.text</name>
         <load_address>0x142b5</load_address>
         <run_address>0x142b5</run_address>
         <size>0x73</size>
         <input_file_ref idref="fl-2e"/>
      </object_component>
      <object_component id="oc-9c">
         <name>.text</name>
         <load_address>0x14328</load_address>
         <run_address>0x14328</run_address>
         <size>0x72</size>
         <input_file_ref idref="fl-39"/>
      </object_component>
      <object_component id="oc-5c">
         <name>.text</name>
         <load_address>0x1439a</load_address>
         <run_address>0x1439a</run_address>
         <size>0x6f</size>
         <input_file_ref idref="fl-2a"/>
      </object_component>
      <object_component id="oc-a9">
         <name>.text</name>
         <load_address>0x14409</load_address>
         <run_address>0x14409</run_address>
         <size>0x6d</size>
         <input_file_ref idref="fl-3c"/>
      </object_component>
      <object_component id="oc-c7">
         <name>.text</name>
         <load_address>0x14476</load_address>
         <run_address>0x14476</run_address>
         <size>0x6b</size>
         <input_file_ref idref="fl-43"/>
      </object_component>
      <object_component id="oc-60">
         <name>.text</name>
         <load_address>0x144e1</load_address>
         <run_address>0x144e1</run_address>
         <size>0x67</size>
         <input_file_ref idref="fl-2b"/>
      </object_component>
      <object_component id="oc-f5">
         <name>.text</name>
         <load_address>0x14548</load_address>
         <run_address>0x14548</run_address>
         <size>0x54</size>
         <input_file_ref idref="fl-4c"/>
      </object_component>
      <object_component id="oc-25">
         <name>.text</name>
         <load_address>0x1459c</load_address>
         <run_address>0x1459c</run_address>
         <size>0x50</size>
         <input_file_ref idref="fl-1d"/>
      </object_component>
      <object_component id="oc-42">
         <name>.text</name>
         <load_address>0x145ec</load_address>
         <run_address>0x145ec</run_address>
         <size>0x4d</size>
         <input_file_ref idref="fl-23"/>
      </object_component>
      <object_component id="oc-3a">
         <name>.text</name>
         <load_address>0x14639</load_address>
         <run_address>0x14639</run_address>
         <size>0x4b</size>
         <input_file_ref idref="fl-21"/>
      </object_component>
      <object_component id="oc-98">
         <name>.text</name>
         <load_address>0x14684</load_address>
         <run_address>0x14684</run_address>
         <size>0x4b</size>
         <input_file_ref idref="fl-38"/>
      </object_component>
      <object_component id="oc-bb">
         <name>.text</name>
         <load_address>0x146cf</load_address>
         <run_address>0x146cf</run_address>
         <size>0x48</size>
         <input_file_ref idref="fl-40"/>
      </object_component>
      <object_component id="oc-8c">
         <name>.text</name>
         <load_address>0x14717</load_address>
         <run_address>0x14717</run_address>
         <size>0x3f</size>
         <input_file_ref idref="fl-35"/>
      </object_component>
      <object_component id="oc-1e">
         <name>.text</name>
         <load_address>0x14756</load_address>
         <run_address>0x14756</run_address>
         <size>0x3e</size>
         <input_file_ref idref="fl-1c"/>
      </object_component>
      <object_component id="oc-e4">
         <name>.text</name>
         <load_address>0x14794</load_address>
         <run_address>0x14794</run_address>
         <size>0x2d</size>
         <input_file_ref idref="fl-49"/>
      </object_component>
      <object_component id="oc-58">
         <name>.text</name>
         <load_address>0x147c1</load_address>
         <run_address>0x147c1</run_address>
         <size>0x2a</size>
         <input_file_ref idref="fl-29"/>
      </object_component>
      <object_component id="oc-af">
         <name>.text</name>
         <load_address>0x147eb</load_address>
         <run_address>0x147eb</run_address>
         <size>0x2a</size>
         <input_file_ref idref="fl-3d"/>
      </object_component>
      <object_component id="oc-88">
         <name>.text</name>
         <load_address>0x14815</load_address>
         <run_address>0x14815</run_address>
         <size>0x23</size>
         <input_file_ref idref="fl-34"/>
      </object_component>
      <object_component id="oc-72">
         <name>.text</name>
         <load_address>0x14838</load_address>
         <run_address>0x14838</run_address>
         <size>0x1a</size>
         <input_file_ref idref="fl-2f"/>
      </object_component>
      <object_component id="oc-a0">
         <name>.text</name>
         <load_address>0x14852</load_address>
         <run_address>0x14852</run_address>
         <size>0x14</size>
         <input_file_ref idref="fl-3a"/>
      </object_component>
      <object_component id="oc-7a">
         <name>.text</name>
         <load_address>0x14866</load_address>
         <run_address>0x14866</run_address>
         <size>0x13</size>
         <input_file_ref idref="fl-31"/>
      </object_component>
      <object_component id="oc-2e">
         <name>.text</name>
         <load_address>0x14879</load_address>
         <run_address>0x14879</run_address>
         <size>0x12</size>
         <input_file_ref idref="fl-1f"/>
      </object_component>
      <object_component id="oc-94">
         <name>.text</name>
         <load_address>0x1488b</load_address>
         <run_address>0x1488b</run_address>
         <size>0x10</size>
         <input_file_ref idref="fl-37"/>
      </object_component>
      <object_component id="oc-e0">
         <name>.text</name>
         <load_address>0x1489b</load_address>
         <run_address>0x1489b</run_address>
         <size>0xa</size>
         <input_file_ref idref="fl-48"/>
      </object_component>
      <object_component id="oc-29">
         <name>.text</name>
         <load_address>0x148a5</load_address>
         <run_address>0x148a5</run_address>
         <size>0x2</size>
         <input_file_ref idref="fl-1e"/>
      </object_component>
      <object_component id="oc-1a">
         <name>.stack</name>
         <uninitialized>true</uninitialized>
         <run_address>0x648</run_address>
         <size>0x0</size>
         <input_file_ref idref="fl-1b"/>
      </object_component>
      <object_component id="oc-110">
         <name>.stack</name>
         <uninitialized>true</uninitialized>
         <run_address>0x648</run_address>
         <size>0x0</size>
      </object_component>
      <object_component id="oc-fa">
         <name>.sysstack</name>
         <uninitialized>true</uninitialized>
         <run_address>0x848</run_address>
         <size>0x0</size>
         <input_file_ref idref="fl-1b"/>
      </object_component>
      <object_component id="oc-112">
         <name>.sysstack</name>
         <uninitialized>true</uninitialized>
         <run_address>0x848</run_address>
         <size>0x0</size>
      </object_component>
      <object_component id="oc-d9">
         <name>.sysmem</name>
         <uninitialized>true</uninitialized>
         <run_address>0x8000</run_address>
         <size>0x0</size>
         <input_file_ref idref="fl-46"/>
      </object_component>
      <object_component id="oc-111">
         <name>.sysmem</name>
         <uninitialized>true</uninitialized>
         <run_address>0x8000</run_address>
         <size>0x0</size>
      </object_component>
      <object_component id="oc-ab">
         <name>.cio</name>
         <uninitialized>true</uninitialized>
         <run_address>0x408</run_address>
         <size>0x240</size>
         <input_file_ref idref="fl-3c"/>
      </object_component>
      <object_component id="oc-14">
         <name>.bss</name>
         <uninitialized>true</uninitialized>
         <run_address>0xa000</run_address>
         <size>0x1026</size>
         <input_file_ref idref="fl-3"/>
      </object_component>
      <object_component id="oc-1f">
         <name>.bss</name>
         <uninitialized>true</uninitialized>
         <run_address>0xb4f4</run_address>
         <size>0x8</size>
         <input_file_ref idref="fl-1c"/>
      </object_component>
      <object_component id="oc-2f">
         <name>.bss</name>
         <uninitialized>true</uninitialized>
         <run_address>0xb4ec</run_address>
         <size>0x8</size>
         <input_file_ref idref="fl-1f"/>
      </object_component>
      <object_component id="oc-4c">
         <name>.bss</name>
         <uninitialized>true</uninitialized>
         <run_address>0xb028</run_address>
         <size>0x232</size>
         <input_file_ref idref="fl-26"/>
      </object_component>
      <object_component id="oc-7f">
         <name>.bss</name>
         <uninitialized>true</uninitialized>
         <run_address>0xb3fc</run_address>
         <size>0xe2</size>
         <input_file_ref idref="fl-32"/>
      </object_component>
      <object_component id="oc-a5">
         <name>.bss</name>
         <uninitialized>true</uninitialized>
         <run_address>0xb25a</run_address>
         <size>0x1a0</size>
         <input_file_ref idref="fl-3b"/>
      </object_component>
      <object_component id="oc-d0">
         <name>.bss</name>
         <uninitialized>true</uninitialized>
         <run_address>0xb026</run_address>
         <size>0x2</size>
         <input_file_ref idref="fl-45"/>
      </object_component>
      <object_component id="oc-d6">
         <name>.bss</name>
         <uninitialized>true</uninitialized>
         <run_address>0xb4e0</run_address>
         <size>0xc</size>
         <input_file_ref idref="fl-46"/>
      </object_component>
      <object_component id="oc-ea">
         <name>.bss</name>
         <uninitialized>true</uninitialized>
         <run_address>0xb3fa</run_address>
         <size>0x2</size>
         <input_file_ref idref="fl-4a"/>
      </object_component>
      <object_component id="oc-fb">
         <name>.const:__ctypes_</name>
         <load_address>0xc0</load_address>
         <run_address>0xc0</run_address>
         <size>0x202</size>
         <input_file_ref idref="fl-25"/>
      </object_component>
      <object_component id="oc-f">
         <name>.const:.string</name>
         <load_address>0x2c4</load_address>
         <run_address>0x2c4</run_address>
         <size>0xc8</size>
         <input_file_ref idref="fl-2"/>
      </object_component>
      <object_component id="oc-37">
         <name>.const:.string</name>
         <load_address>0x38c</load_address>
         <run_address>0x38c</run_address>
         <size>0x48</size>
         <input_file_ref idref="fl-20"/>
      </object_component>
      <object_component id="oc-36">
         <name>.const</name>
         <load_address>0x3d4</load_address>
         <run_address>0x3d4</run_address>
         <size>0x18</size>
         <input_file_ref idref="fl-20"/>
      </object_component>
      <object_component id="oc-fc">
         <name>.const:_initial_approx$1</name>
         <load_address>0x3ec</load_address>
         <run_address>0x3ec</run_address>
         <size>0x10</size>
         <input_file_ref idref="fl-27"/>
      </object_component>
      <object_component id="oc-6b">
         <name>.const:.string</name>
         <load_address>0x3fc</load_address>
         <run_address>0x3fc</run_address>
         <size>0x4</size>
         <input_file_ref idref="fl-2d"/>
      </object_component>
      <object_component id="oc-62">
         <name>.const</name>
         <load_address>0x400</load_address>
         <run_address>0x400</run_address>
         <size>0x4</size>
         <input_file_ref idref="fl-2b"/>
      </object_component>
      <object_component id="oc-e">
         <name>.debug_info</name>
         <load_address>0x0</load_address>
         <run_address>0x0</run_address>
         <size>0xe9b</size>
         <input_file_ref idref="fl-2"/>
      </object_component>
      <object_component id="oc-15">
         <name>.debug_info</name>
         <load_address>0xe9b</load_address>
         <run_address>0xe9b</run_address>
         <size>0xfcf</size>
         <input_file_ref idref="fl-3"/>
      </object_component>
      <object_component id="oc-1b">
         <name>.debug_info</name>
         <load_address>0x1e6a</load_address>
         <run_address>0x1e6a</run_address>
         <size>0xe8</size>
         <input_file_ref idref="fl-1b"/>
      </object_component>
      <object_component id="oc-20">
         <name>.debug_info</name>
         <load_address>0x1f52</load_address>
         <run_address>0x1f52</run_address>
         <size>0x5fb</size>
         <input_file_ref idref="fl-1c"/>
      </object_component>
      <object_component id="oc-26">
         <name>.debug_info</name>
         <load_address>0x254d</load_address>
         <run_address>0x254d</run_address>
         <size>0x76c</size>
         <input_file_ref idref="fl-1d"/>
      </object_component>
      <object_component id="oc-2b">
         <name>.debug_info</name>
         <load_address>0x2cb9</load_address>
         <run_address>0x2cb9</run_address>
         <size>0xbc</size>
         <input_file_ref idref="fl-1e"/>
      </object_component>
      <object_component id="oc-30">
         <name>.debug_info</name>
         <load_address>0x2d75</load_address>
         <run_address>0x2d75</run_address>
         <size>0x5bc</size>
         <input_file_ref idref="fl-1f"/>
      </object_component>
      <object_component id="oc-35">
         <name>.debug_info</name>
         <load_address>0x3331</load_address>
         <run_address>0x3331</run_address>
         <size>0x27bd</size>
         <input_file_ref idref="fl-20"/>
      </object_component>
      <object_component id="oc-3b">
         <name>.debug_info</name>
         <load_address>0x5aee</load_address>
         <run_address>0x5aee</run_address>
         <size>0x586</size>
         <input_file_ref idref="fl-21"/>
      </object_component>
      <object_component id="oc-3f">
         <name>.debug_info</name>
         <load_address>0x6074</load_address>
         <run_address>0x6074</run_address>
         <size>0x5a4</size>
         <input_file_ref idref="fl-22"/>
      </object_component>
      <object_component id="oc-43">
         <name>.debug_info</name>
         <load_address>0x6618</load_address>
         <run_address>0x6618</run_address>
         <size>0xcd</size>
         <input_file_ref idref="fl-23"/>
      </object_component>
      <object_component id="oc-47">
         <name>.debug_info</name>
         <load_address>0x66e5</load_address>
         <run_address>0x66e5</run_address>
         <size>0x81f</size>
         <input_file_ref idref="fl-24"/>
      </object_component>
      <object_component id="oc-4a">
         <name>.debug_info</name>
         <load_address>0x6f04</load_address>
         <run_address>0x6f04</run_address>
         <size>0x498</size>
         <input_file_ref idref="fl-25"/>
      </object_component>
      <object_component id="oc-4d">
         <name>.debug_info</name>
         <load_address>0x739c</load_address>
         <run_address>0x739c</run_address>
         <size>0x57e</size>
         <input_file_ref idref="fl-26"/>
      </object_component>
      <object_component id="oc-51">
         <name>.debug_info</name>
         <load_address>0x791a</load_address>
         <run_address>0x791a</run_address>
         <size>0x7e8</size>
         <input_file_ref idref="fl-27"/>
      </object_component>
      <object_component id="oc-55">
         <name>.debug_info</name>
         <load_address>0x8102</load_address>
         <run_address>0x8102</run_address>
         <size>0x534</size>
         <input_file_ref idref="fl-28"/>
      </object_component>
      <object_component id="oc-59">
         <name>.debug_info</name>
         <load_address>0x8636</load_address>
         <run_address>0x8636</run_address>
         <size>0x4cf</size>
         <input_file_ref idref="fl-29"/>
      </object_component>
      <object_component id="oc-5d">
         <name>.debug_info</name>
         <load_address>0x8b05</load_address>
         <run_address>0x8b05</run_address>
         <size>0x534</size>
         <input_file_ref idref="fl-2a"/>
      </object_component>
      <object_component id="oc-61">
         <name>.debug_info</name>
         <load_address>0x9039</load_address>
         <run_address>0x9039</run_address>
         <size>0x549</size>
         <input_file_ref idref="fl-2b"/>
      </object_component>
      <object_component id="oc-66">
         <name>.debug_info</name>
         <load_address>0x9582</load_address>
         <run_address>0x9582</run_address>
         <size>0x6aa</size>
         <input_file_ref idref="fl-2c"/>
      </object_component>
      <object_component id="oc-6a">
         <name>.debug_info</name>
         <load_address>0x9c2c</load_address>
         <run_address>0x9c2c</run_address>
         <size>0x942</size>
         <input_file_ref idref="fl-2d"/>
      </object_component>
      <object_component id="oc-6f">
         <name>.debug_info</name>
         <load_address>0xa56e</load_address>
         <run_address>0xa56e</run_address>
         <size>0x53e</size>
         <input_file_ref idref="fl-2e"/>
      </object_component>
      <object_component id="oc-73">
         <name>.debug_info</name>
         <load_address>0xaaac</load_address>
         <run_address>0xaaac</run_address>
         <size>0x680</size>
         <input_file_ref idref="fl-2f"/>
      </object_component>
      <object_component id="oc-77">
         <name>.debug_info</name>
         <load_address>0xb12c</load_address>
         <run_address>0xb12c</run_address>
         <size>0x7d4</size>
         <input_file_ref idref="fl-30"/>
      </object_component>
      <object_component id="oc-7b">
         <name>.debug_info</name>
         <load_address>0xb900</load_address>
         <run_address>0xb900</run_address>
         <size>0xbd</size>
         <input_file_ref idref="fl-31"/>
      </object_component>
      <object_component id="oc-80">
         <name>.debug_info</name>
         <load_address>0xb9bd</load_address>
         <run_address>0xb9bd</run_address>
         <size>0x144b</size>
         <input_file_ref idref="fl-32"/>
      </object_component>
      <object_component id="oc-85">
         <name>.debug_info</name>
         <load_address>0xce08</load_address>
         <run_address>0xce08</run_address>
         <size>0x5ad</size>
         <input_file_ref idref="fl-33"/>
      </object_component>
      <object_component id="oc-89">
         <name>.debug_info</name>
         <load_address>0xd3b5</load_address>
         <run_address>0xd3b5</run_address>
         <size>0x574</size>
         <input_file_ref idref="fl-34"/>
      </object_component>
      <object_component id="oc-8d">
         <name>.debug_info</name>
         <load_address>0xd929</load_address>
         <run_address>0xd929</run_address>
         <size>0xd1</size>
         <input_file_ref idref="fl-35"/>
      </object_component>
      <object_component id="oc-91">
         <name>.debug_info</name>
         <load_address>0xd9fa</load_address>
         <run_address>0xd9fa</run_address>
         <size>0x55b</size>
         <input_file_ref idref="fl-36"/>
      </object_component>
      <object_component id="oc-95">
         <name>.debug_info</name>
         <load_address>0xdf55</load_address>
         <run_address>0xdf55</run_address>
         <size>0x4b7</size>
         <input_file_ref idref="fl-37"/>
      </object_component>
      <object_component id="oc-99">
         <name>.debug_info</name>
         <load_address>0xe40c</load_address>
         <run_address>0xe40c</run_address>
         <size>0x4f2</size>
         <input_file_ref idref="fl-38"/>
      </object_component>
      <object_component id="oc-9d">
         <name>.debug_info</name>
         <load_address>0xe8fe</load_address>
         <run_address>0xe8fe</run_address>
         <size>0x534</size>
         <input_file_ref idref="fl-39"/>
      </object_component>
      <object_component id="oc-a1">
         <name>.debug_info</name>
         <load_address>0xee32</load_address>
         <run_address>0xee32</run_address>
         <size>0x4de</size>
         <input_file_ref idref="fl-3a"/>
      </object_component>
      <object_component id="oc-a6">
         <name>.debug_info</name>
         <load_address>0xf310</load_address>
         <run_address>0xf310</run_address>
         <size>0xed4</size>
         <input_file_ref idref="fl-3b"/>
      </object_component>
      <object_component id="oc-aa">
         <name>.debug_info</name>
         <load_address>0x101e4</load_address>
         <run_address>0x101e4</run_address>
         <size>0x744</size>
         <input_file_ref idref="fl-3c"/>
      </object_component>
      <object_component id="oc-b0">
         <name>.debug_info</name>
         <load_address>0x10928</load_address>
         <run_address>0x10928</run_address>
         <size>0xef</size>
         <input_file_ref idref="fl-3d"/>
      </object_component>
      <object_component id="oc-b4">
         <name>.debug_info</name>
         <load_address>0x10a17</load_address>
         <run_address>0x10a17</run_address>
         <size>0x662</size>
         <input_file_ref idref="fl-3e"/>
      </object_component>
      <object_component id="oc-b8">
         <name>.debug_info</name>
         <load_address>0x11079</load_address>
         <run_address>0x11079</run_address>
         <size>0x5ab</size>
         <input_file_ref idref="fl-3f"/>
      </object_component>
      <object_component id="oc-bc">
         <name>.debug_info</name>
         <load_address>0x11624</load_address>
         <run_address>0x11624</run_address>
         <size>0x4f2</size>
         <input_file_ref idref="fl-40"/>
      </object_component>
      <object_component id="oc-c0">
         <name>.debug_info</name>
         <load_address>0x11b16</load_address>
         <run_address>0x11b16</run_address>
         <size>0x706</size>
         <input_file_ref idref="fl-41"/>
      </object_component>
      <object_component id="oc-c4">
         <name>.debug_info</name>
         <load_address>0x1221c</load_address>
         <run_address>0x1221c</run_address>
         <size>0x4d2</size>
         <input_file_ref idref="fl-42"/>
      </object_component>
      <object_component id="oc-c8">
         <name>.debug_info</name>
         <load_address>0x126ee</load_address>
         <run_address>0x126ee</run_address>
         <size>0x5f7</size>
         <input_file_ref idref="fl-43"/>
      </object_component>
      <object_component id="oc-cc">
         <name>.debug_info</name>
         <load_address>0x12ce5</load_address>
         <run_address>0x12ce5</run_address>
         <size>0x64a</size>
         <input_file_ref idref="fl-44"/>
      </object_component>
      <object_component id="oc-d1">
         <name>.debug_info</name>
         <load_address>0x1332f</load_address>
         <run_address>0x1332f</run_address>
         <size>0xa1c</size>
         <input_file_ref idref="fl-45"/>
      </object_component>
      <object_component id="oc-d7">
         <name>.debug_info</name>
         <load_address>0x13d4b</load_address>
         <run_address>0x13d4b</run_address>
         <size>0xb97</size>
         <input_file_ref idref="fl-46"/>
      </object_component>
      <object_component id="oc-dd">
         <name>.debug_info</name>
         <load_address>0x148e2</load_address>
         <run_address>0x148e2</run_address>
         <size>0x64f</size>
         <input_file_ref idref="fl-47"/>
      </object_component>
      <object_component id="oc-e1">
         <name>.debug_info</name>
         <load_address>0x14f31</load_address>
         <run_address>0x14f31</run_address>
         <size>0x510</size>
         <input_file_ref idref="fl-48"/>
      </object_component>
      <object_component id="oc-e5">
         <name>.debug_info</name>
         <load_address>0x15441</load_address>
         <run_address>0x15441</run_address>
         <size>0x65f</size>
         <input_file_ref idref="fl-49"/>
      </object_component>
      <object_component id="oc-eb">
         <name>.debug_info</name>
         <load_address>0x15aa0</load_address>
         <run_address>0x15aa0</run_address>
         <size>0xb4c</size>
         <input_file_ref idref="fl-4a"/>
      </object_component>
      <object_component id="oc-f1">
         <name>.debug_info</name>
         <load_address>0x165ec</load_address>
         <run_address>0x165ec</run_address>
         <size>0x836</size>
         <input_file_ref idref="fl-4b"/>
      </object_component>
      <object_component id="oc-f6">
         <name>.debug_info</name>
         <load_address>0x16e22</load_address>
         <run_address>0x16e22</run_address>
         <size>0x69c</size>
         <input_file_ref idref="fl-4c"/>
      </object_component>
      <object_component id="oc-119">
         <name>.debug_info</name>
         <load_address>0x174be</load_address>
         <run_address>0x174be</run_address>
         <size>0x6e</size>
      </object_component>
      <object_component id="oc-10">
         <name>.debug_frame</name>
         <load_address>0x0</load_address>
         <run_address>0x0</run_address>
         <size>0x13b</size>
         <input_file_ref idref="fl-2"/>
      </object_component>
      <object_component id="oc-17">
         <name>.debug_frame</name>
         <load_address>0x13b</load_address>
         <run_address>0x13b</run_address>
         <size>0x150</size>
         <input_file_ref idref="fl-3"/>
      </object_component>
      <object_component id="oc-e6">
         <name>.debug_frame</name>
         <load_address>0x28b</load_address>
         <run_address>0x28b</run_address>
         <size>0x11c</size>
         <input_file_ref idref="fl-49"/>
      </object_component>
      <object_component id="oc-ed">
         <name>.debug_frame</name>
         <load_address>0x3a7</load_address>
         <run_address>0x3a7</run_address>
         <size>0x14a</size>
         <input_file_ref idref="fl-4a"/>
      </object_component>
      <object_component id="oc-f2">
         <name>.debug_frame</name>
         <load_address>0x4f1</load_address>
         <run_address>0x4f1</run_address>
         <size>0x135</size>
         <input_file_ref idref="fl-4b"/>
      </object_component>
      <object_component id="oc-f7">
         <name>.debug_frame</name>
         <load_address>0x626</load_address>
         <run_address>0x626</run_address>
         <size>0x116</size>
         <input_file_ref idref="fl-4c"/>
      </object_component>
      <object_component id="oc-11">
         <name>.debug_line</name>
         <load_address>0x0</load_address>
         <run_address>0x0</run_address>
         <size>0x1ba</size>
         <input_file_ref idref="fl-2"/>
      </object_component>
      <object_component id="oc-18">
         <name>.debug_line</name>
         <load_address>0x1ba</load_address>
         <run_address>0x1ba</run_address>
         <size>0xf3</size>
         <input_file_ref idref="fl-3"/>
      </object_component>
      <object_component id="oc-1c">
         <name>.debug_line</name>
         <load_address>0x2ad</load_address>
         <run_address>0x2ad</run_address>
         <size>0x54</size>
         <input_file_ref idref="fl-1b"/>
      </object_component>
      <object_component id="oc-23">
         <name>.debug_line</name>
         <load_address>0x301</load_address>
         <run_address>0x301</run_address>
         <size>0x51</size>
         <input_file_ref idref="fl-1c"/>
      </object_component>
      <object_component id="oc-27">
         <name>.debug_line</name>
         <load_address>0x352</load_address>
         <run_address>0x352</run_address>
         <size>0x69</size>
         <input_file_ref idref="fl-1d"/>
      </object_component>
      <object_component id="oc-2c">
         <name>.debug_line</name>
         <load_address>0x3bb</load_address>
         <run_address>0x3bb</run_address>
         <size>0x37</size>
         <input_file_ref idref="fl-1e"/>
      </object_component>
      <object_component id="oc-32">
         <name>.debug_line</name>
         <load_address>0x3f2</load_address>
         <run_address>0x3f2</run_address>
         <size>0x57</size>
         <input_file_ref idref="fl-1f"/>
      </object_component>
      <object_component id="oc-38">
         <name>.debug_line</name>
         <load_address>0x449</load_address>
         <run_address>0x449</run_address>
         <size>0x328</size>
         <input_file_ref idref="fl-20"/>
      </object_component>
      <object_component id="oc-3c">
         <name>.debug_line</name>
         <load_address>0x771</load_address>
         <run_address>0x771</run_address>
         <size>0x41</size>
         <input_file_ref idref="fl-21"/>
      </object_component>
      <object_component id="oc-40">
         <name>.debug_line</name>
         <load_address>0x7b2</load_address>
         <run_address>0x7b2</run_address>
         <size>0x46</size>
         <input_file_ref idref="fl-22"/>
      </object_component>
      <object_component id="oc-44">
         <name>.debug_line</name>
         <load_address>0x7f8</load_address>
         <run_address>0x7f8</run_address>
         <size>0x55</size>
         <input_file_ref idref="fl-23"/>
      </object_component>
      <object_component id="oc-48">
         <name>.debug_line</name>
         <load_address>0x84d</load_address>
         <run_address>0x84d</run_address>
         <size>0xad</size>
         <input_file_ref idref="fl-24"/>
      </object_component>
      <object_component id="oc-52">
         <name>.debug_line</name>
         <load_address>0x8fa</load_address>
         <run_address>0x8fa</run_address>
         <size>0x5b</size>
         <input_file_ref idref="fl-27"/>
      </object_component>
      <object_component id="oc-56">
         <name>.debug_line</name>
         <load_address>0x955</load_address>
         <run_address>0x955</run_address>
         <size>0x44</size>
         <input_file_ref idref="fl-28"/>
      </object_component>
      <object_component id="oc-5a">
         <name>.debug_line</name>
         <load_address>0x999</load_address>
         <run_address>0x999</run_address>
         <size>0x3d</size>
         <input_file_ref idref="fl-29"/>
      </object_component>
      <object_component id="oc-5e">
         <name>.debug_line</name>
         <load_address>0x9d6</load_address>
         <run_address>0x9d6</run_address>
         <size>0x3d</size>
         <input_file_ref idref="fl-2a"/>
      </object_component>
      <object_component id="oc-63">
         <name>.debug_line</name>
         <load_address>0xa13</load_address>
         <run_address>0xa13</run_address>
         <size>0x44</size>
         <input_file_ref idref="fl-2b"/>
      </object_component>
      <object_component id="oc-67">
         <name>.debug_line</name>
         <load_address>0xa57</load_address>
         <run_address>0xa57</run_address>
         <size>0x56</size>
         <input_file_ref idref="fl-2c"/>
      </object_component>
      <object_component id="oc-6c">
         <name>.debug_line</name>
         <load_address>0xaad</load_address>
         <run_address>0xaad</run_address>
         <size>0xa8</size>
         <input_file_ref idref="fl-2d"/>
      </object_component>
      <object_component id="oc-70">
         <name>.debug_line</name>
         <load_address>0xb55</load_address>
         <run_address>0xb55</run_address>
         <size>0x40</size>
         <input_file_ref idref="fl-2e"/>
      </object_component>
      <object_component id="oc-74">
         <name>.debug_line</name>
         <load_address>0xb95</load_address>
         <run_address>0xb95</run_address>
         <size>0x38</size>
         <input_file_ref idref="fl-2f"/>
      </object_component>
      <object_component id="oc-78">
         <name>.debug_line</name>
         <load_address>0xbcd</load_address>
         <run_address>0xbcd</run_address>
         <size>0xa8</size>
         <input_file_ref idref="fl-30"/>
      </object_component>
      <object_component id="oc-7c">
         <name>.debug_line</name>
         <load_address>0xc75</load_address>
         <run_address>0xc75</run_address>
         <size>0x3c</size>
         <input_file_ref idref="fl-31"/>
      </object_component>
      <object_component id="oc-82">
         <name>.debug_line</name>
         <load_address>0xcb1</load_address>
         <run_address>0xcb1</run_address>
         <size>0x1b0</size>
         <input_file_ref idref="fl-32"/>
      </object_component>
      <object_component id="oc-86">
         <name>.debug_line</name>
         <load_address>0xe61</load_address>
         <run_address>0xe61</run_address>
         <size>0x40</size>
         <input_file_ref idref="fl-33"/>
      </object_component>
      <object_component id="oc-8a">
         <name>.debug_line</name>
         <load_address>0xea1</load_address>
         <run_address>0xea1</run_address>
         <size>0x3c</size>
         <input_file_ref idref="fl-34"/>
      </object_component>
      <object_component id="oc-8e">
         <name>.debug_line</name>
         <load_address>0xedd</load_address>
         <run_address>0xedd</run_address>
         <size>0x4d</size>
         <input_file_ref idref="fl-35"/>
      </object_component>
      <object_component id="oc-92">
         <name>.debug_line</name>
         <load_address>0xf2a</load_address>
         <run_address>0xf2a</run_address>
         <size>0x3c</size>
         <input_file_ref idref="fl-36"/>
      </object_component>
      <object_component id="oc-96">
         <name>.debug_line</name>
         <load_address>0xf66</load_address>
         <run_address>0xf66</run_address>
         <size>0x37</size>
         <input_file_ref idref="fl-37"/>
      </object_component>
      <object_component id="oc-9a">
         <name>.debug_line</name>
         <load_address>0xf9d</load_address>
         <run_address>0xf9d</run_address>
         <size>0x3c</size>
         <input_file_ref idref="fl-38"/>
      </object_component>
      <object_component id="oc-9e">
         <name>.debug_line</name>
         <load_address>0xfd9</load_address>
         <run_address>0xfd9</run_address>
         <size>0x44</size>
         <input_file_ref idref="fl-39"/>
      </object_component>
      <object_component id="oc-a2">
         <name>.debug_line</name>
         <load_address>0x101d</load_address>
         <run_address>0x101d</run_address>
         <size>0x37</size>
         <input_file_ref idref="fl-3a"/>
      </object_component>
      <object_component id="oc-a7">
         <name>.debug_line</name>
         <load_address>0x1054</load_address>
         <run_address>0x1054</run_address>
         <size>0x15d</size>
         <input_file_ref idref="fl-3b"/>
      </object_component>
      <object_component id="oc-ad">
         <name>.debug_line</name>
         <load_address>0x11b1</load_address>
         <run_address>0x11b1</run_address>
         <size>0x6a</size>
         <input_file_ref idref="fl-3c"/>
      </object_component>
      <object_component id="oc-b1">
         <name>.debug_line</name>
         <load_address>0x121b</load_address>
         <run_address>0x121b</run_address>
         <size>0x58</size>
         <input_file_ref idref="fl-3d"/>
      </object_component>
      <object_component id="oc-b5">
         <name>.debug_line</name>
         <load_address>0x1273</load_address>
         <run_address>0x1273</run_address>
         <size>0x57</size>
         <input_file_ref idref="fl-3e"/>
      </object_component>
      <object_component id="oc-b9">
         <name>.debug_line</name>
         <load_address>0x12ca</load_address>
         <run_address>0x12ca</run_address>
         <size>0x5c</size>
         <input_file_ref idref="fl-3f"/>
      </object_component>
      <object_component id="oc-bd">
         <name>.debug_line</name>
         <load_address>0x1326</load_address>
         <run_address>0x1326</run_address>
         <size>0x3c</size>
         <input_file_ref idref="fl-40"/>
      </object_component>
      <object_component id="oc-c1">
         <name>.debug_line</name>
         <load_address>0x1362</load_address>
         <run_address>0x1362</run_address>
         <size>0x5b</size>
         <input_file_ref idref="fl-41"/>
      </object_component>
      <object_component id="oc-c5">
         <name>.debug_line</name>
         <load_address>0x13bd</load_address>
         <run_address>0x13bd</run_address>
         <size>0x3a</size>
         <input_file_ref idref="fl-42"/>
      </object_component>
      <object_component id="oc-c9">
         <name>.debug_line</name>
         <load_address>0x13f7</load_address>
         <run_address>0x13f7</run_address>
         <size>0x3c</size>
         <input_file_ref idref="fl-43"/>
      </object_component>
      <object_component id="oc-cd">
         <name>.debug_line</name>
         <load_address>0x1433</load_address>
         <run_address>0x1433</run_address>
         <size>0x3f</size>
         <input_file_ref idref="fl-44"/>
      </object_component>
      <object_component id="oc-d3">
         <name>.debug_line</name>
         <load_address>0x1472</load_address>
         <run_address>0x1472</run_address>
         <size>0xd7</size>
         <input_file_ref idref="fl-45"/>
      </object_component>
      <object_component id="oc-da">
         <name>.debug_line</name>
         <load_address>0x1549</load_address>
         <run_address>0x1549</run_address>
         <size>0x112</size>
         <input_file_ref idref="fl-46"/>
      </object_component>
      <object_component id="oc-de">
         <name>.debug_line</name>
         <load_address>0x165b</load_address>
         <run_address>0x165b</run_address>
         <size>0x3d</size>
         <input_file_ref idref="fl-47"/>
      </object_component>
      <object_component id="oc-e2">
         <name>.debug_line</name>
         <load_address>0x1698</load_address>
         <run_address>0x1698</run_address>
         <size>0x39</size>
         <input_file_ref idref="fl-48"/>
      </object_component>
      <object_component id="oc-e7">
         <name>.debug_line</name>
         <load_address>0x16d1</load_address>
         <run_address>0x16d1</run_address>
         <size>0x89</size>
         <input_file_ref idref="fl-49"/>
      </object_component>
      <object_component id="oc-ee">
         <name>.debug_line</name>
         <load_address>0x175a</load_address>
         <run_address>0x175a</run_address>
         <size>0x166</size>
         <input_file_ref idref="fl-4a"/>
      </object_component>
      <object_component id="oc-f3">
         <name>.debug_line</name>
         <load_address>0x18c0</load_address>
         <run_address>0x18c0</run_address>
         <size>0xdf</size>
         <input_file_ref idref="fl-4b"/>
      </object_component>
      <object_component id="oc-f8">
         <name>.debug_line</name>
         <load_address>0x199f</load_address>
         <run_address>0x199f</run_address>
         <size>0x84</size>
         <input_file_ref idref="fl-4c"/>
      </object_component>
      <object_component id="oc-12">
         <name>.debug_abbrev</name>
         <load_address>0x0</load_address>
         <run_address>0x0</run_address>
         <size>0xfa</size>
         <input_file_ref idref="fl-2"/>
      </object_component>
      <object_component id="oc-19">
         <name>.debug_abbrev</name>
         <load_address>0xfa</load_address>
         <run_address>0xfa</run_address>
         <size>0x17f</size>
         <input_file_ref idref="fl-3"/>
      </object_component>
      <object_component id="oc-1d">
         <name>.debug_abbrev</name>
         <load_address>0x279</load_address>
         <run_address>0x279</run_address>
         <size>0x3a</size>
         <input_file_ref idref="fl-1b"/>
      </object_component>
      <object_component id="oc-24">
         <name>.debug_abbrev</name>
         <load_address>0x2b3</load_address>
         <run_address>0x2b3</run_address>
         <size>0xf7</size>
         <input_file_ref idref="fl-1c"/>
      </object_component>
      <object_component id="oc-28">
         <name>.debug_abbrev</name>
         <load_address>0x3aa</load_address>
         <run_address>0x3aa</run_address>
         <size>0x145</size>
         <input_file_ref idref="fl-1d"/>
      </object_component>
      <object_component id="oc-2d">
         <name>.debug_abbrev</name>
         <load_address>0x4ef</load_address>
         <run_address>0x4ef</run_address>
         <size>0x26</size>
         <input_file_ref idref="fl-1e"/>
      </object_component>
      <object_component id="oc-33">
         <name>.debug_abbrev</name>
         <load_address>0x515</load_address>
         <run_address>0x515</run_address>
         <size>0x9f</size>
         <input_file_ref idref="fl-1f"/>
      </object_component>
      <object_component id="oc-39">
         <name>.debug_abbrev</name>
         <load_address>0x5b4</load_address>
         <run_address>0x5b4</run_address>
         <size>0x1f8</size>
         <input_file_ref idref="fl-20"/>
      </object_component>
      <object_component id="oc-3d">
         <name>.debug_abbrev</name>
         <load_address>0x7ac</load_address>
         <run_address>0x7ac</run_address>
         <size>0xec</size>
         <input_file_ref idref="fl-21"/>
      </object_component>
      <object_component id="oc-41">
         <name>.debug_abbrev</name>
         <load_address>0x898</load_address>
         <run_address>0x898</run_address>
         <size>0xd5</size>
         <input_file_ref idref="fl-22"/>
      </object_component>
      <object_component id="oc-45">
         <name>.debug_abbrev</name>
         <load_address>0x96d</load_address>
         <run_address>0x96d</run_address>
         <size>0x44</size>
         <input_file_ref idref="fl-23"/>
      </object_component>
      <object_component id="oc-49">
         <name>.debug_abbrev</name>
         <load_address>0x9b1</load_address>
         <run_address>0x9b1</run_address>
         <size>0xb7</size>
         <input_file_ref idref="fl-24"/>
      </object_component>
      <object_component id="oc-4b">
         <name>.debug_abbrev</name>
         <load_address>0xa68</load_address>
         <run_address>0xa68</run_address>
         <size>0x68</size>
         <input_file_ref idref="fl-25"/>
      </object_component>
      <object_component id="oc-4f">
         <name>.debug_abbrev</name>
         <load_address>0xad0</load_address>
         <run_address>0xad0</run_address>
         <size>0x83</size>
         <input_file_ref idref="fl-26"/>
      </object_component>
      <object_component id="oc-53">
         <name>.debug_abbrev</name>
         <load_address>0xb53</load_address>
         <run_address>0xb53</run_address>
         <size>0x112</size>
         <input_file_ref idref="fl-27"/>
      </object_component>
      <object_component id="oc-57">
         <name>.debug_abbrev</name>
         <load_address>0xc65</load_address>
         <run_address>0xc65</run_address>
         <size>0xb5</size>
         <input_file_ref idref="fl-28"/>
      </object_component>
      <object_component id="oc-5b">
         <name>.debug_abbrev</name>
         <load_address>0xd1a</load_address>
         <run_address>0xd1a</run_address>
         <size>0x8f</size>
         <input_file_ref idref="fl-29"/>
      </object_component>
      <object_component id="oc-5f">
         <name>.debug_abbrev</name>
         <load_address>0xda9</load_address>
         <run_address>0xda9</run_address>
         <size>0xb7</size>
         <input_file_ref idref="fl-2a"/>
      </object_component>
      <object_component id="oc-64">
         <name>.debug_abbrev</name>
         <load_address>0xe60</load_address>
         <run_address>0xe60</run_address>
         <size>0xc2</size>
         <input_file_ref idref="fl-2b"/>
      </object_component>
      <object_component id="oc-68">
         <name>.debug_abbrev</name>
         <load_address>0xf22</load_address>
         <run_address>0xf22</run_address>
         <size>0x103</size>
         <input_file_ref idref="fl-2c"/>
      </object_component>
      <object_component id="oc-6d">
         <name>.debug_abbrev</name>
         <load_address>0x1025</load_address>
         <run_address>0x1025</run_address>
         <size>0x140</size>
         <input_file_ref idref="fl-2d"/>
      </object_component>
      <object_component id="oc-71">
         <name>.debug_abbrev</name>
         <load_address>0x1165</load_address>
         <run_address>0x1165</run_address>
         <size>0x9a</size>
         <input_file_ref idref="fl-2e"/>
      </object_component>
      <object_component id="oc-75">
         <name>.debug_abbrev</name>
         <load_address>0x11ff</load_address>
         <run_address>0x11ff</run_address>
         <size>0xd0</size>
         <input_file_ref idref="fl-2f"/>
      </object_component>
      <object_component id="oc-79">
         <name>.debug_abbrev</name>
         <load_address>0x12cf</load_address>
         <run_address>0x12cf</run_address>
         <size>0xb7</size>
         <input_file_ref idref="fl-30"/>
      </object_component>
      <object_component id="oc-7d">
         <name>.debug_abbrev</name>
         <load_address>0x1386</load_address>
         <run_address>0x1386</run_address>
         <size>0x38</size>
         <input_file_ref idref="fl-31"/>
      </object_component>
      <object_component id="oc-83">
         <name>.debug_abbrev</name>
         <load_address>0x13be</load_address>
         <run_address>0x13be</run_address>
         <size>0x225</size>
         <input_file_ref idref="fl-32"/>
      </object_component>
      <object_component id="oc-87">
         <name>.debug_abbrev</name>
         <load_address>0x15e3</load_address>
         <run_address>0x15e3</run_address>
         <size>0xec</size>
         <input_file_ref idref="fl-33"/>
      </object_component>
      <object_component id="oc-8b">
         <name>.debug_abbrev</name>
         <load_address>0x16cf</load_address>
         <run_address>0x16cf</run_address>
         <size>0xb7</size>
         <input_file_ref idref="fl-34"/>
      </object_component>
      <object_component id="oc-8f">
         <name>.debug_abbrev</name>
         <load_address>0x1786</load_address>
         <run_address>0x1786</run_address>
         <size>0x38</size>
         <input_file_ref idref="fl-35"/>
      </object_component>
      <object_component id="oc-93">
         <name>.debug_abbrev</name>
         <load_address>0x17be</load_address>
         <run_address>0x17be</run_address>
         <size>0xdc</size>
         <input_file_ref idref="fl-36"/>
      </object_component>
      <object_component id="oc-97">
         <name>.debug_abbrev</name>
         <load_address>0x189a</load_address>
         <run_address>0x189a</run_address>
         <size>0x81</size>
         <input_file_ref idref="fl-37"/>
      </object_component>
      <object_component id="oc-9b">
         <name>.debug_abbrev</name>
         <load_address>0x191b</load_address>
         <run_address>0x191b</run_address>
         <size>0xa6</size>
         <input_file_ref idref="fl-38"/>
      </object_component>
      <object_component id="oc-9f">
         <name>.debug_abbrev</name>
         <load_address>0x19c1</load_address>
         <run_address>0x19c1</run_address>
         <size>0xb5</size>
         <input_file_ref idref="fl-39"/>
      </object_component>
      <object_component id="oc-a3">
         <name>.debug_abbrev</name>
         <load_address>0x1a76</load_address>
         <run_address>0x1a76</run_address>
         <size>0x8f</size>
         <input_file_ref idref="fl-3a"/>
      </object_component>
      <object_component id="oc-a8">
         <name>.debug_abbrev</name>
         <load_address>0x1b05</load_address>
         <run_address>0x1b05</run_address>
         <size>0x15a</size>
         <input_file_ref idref="fl-3b"/>
      </object_component>
      <object_component id="oc-ae">
         <name>.debug_abbrev</name>
         <load_address>0x1c5f</load_address>
         <run_address>0x1c5f</run_address>
         <size>0xde</size>
         <input_file_ref idref="fl-3c"/>
      </object_component>
      <object_component id="oc-b2">
         <name>.debug_abbrev</name>
         <load_address>0x1d3d</load_address>
         <run_address>0x1d3d</run_address>
         <size>0x38</size>
         <input_file_ref idref="fl-3d"/>
      </object_component>
      <object_component id="oc-b6">
         <name>.debug_abbrev</name>
         <load_address>0x1d75</load_address>
         <run_address>0x1d75</run_address>
         <size>0xd1</size>
         <input_file_ref idref="fl-3e"/>
      </object_component>
      <object_component id="oc-ba">
         <name>.debug_abbrev</name>
         <load_address>0x1e46</load_address>
         <run_address>0x1e46</run_address>
         <size>0xd4</size>
         <input_file_ref idref="fl-3f"/>
      </object_component>
      <object_component id="oc-be">
         <name>.debug_abbrev</name>
         <load_address>0x1f1a</load_address>
         <run_address>0x1f1a</run_address>
         <size>0xa6</size>
         <input_file_ref idref="fl-40"/>
      </object_component>
      <object_component id="oc-c2">
         <name>.debug_abbrev</name>
         <load_address>0x1fc0</load_address>
         <run_address>0x1fc0</run_address>
         <size>0x136</size>
         <input_file_ref idref="fl-41"/>
      </object_component>
      <object_component id="oc-c6">
         <name>.debug_abbrev</name>
         <load_address>0x20f6</load_address>
         <run_address>0x20f6</run_address>
         <size>0x81</size>
         <input_file_ref idref="fl-42"/>
      </object_component>
      <object_component id="oc-ca">
         <name>.debug_abbrev</name>
         <load_address>0x2177</load_address>
         <run_address>0x2177</run_address>
         <size>0xd1</size>
         <input_file_ref idref="fl-43"/>
      </object_component>
      <object_component id="oc-ce">
         <name>.debug_abbrev</name>
         <load_address>0x2248</load_address>
         <run_address>0x2248</run_address>
         <size>0x10b</size>
         <input_file_ref idref="fl-44"/>
      </object_component>
      <object_component id="oc-d4">
         <name>.debug_abbrev</name>
         <load_address>0x2353</load_address>
         <run_address>0x2353</run_address>
         <size>0x1a2</size>
         <input_file_ref idref="fl-45"/>
      </object_component>
      <object_component id="oc-db">
         <name>.debug_abbrev</name>
         <load_address>0x24f5</load_address>
         <run_address>0x24f5</run_address>
         <size>0x1de</size>
         <input_file_ref idref="fl-46"/>
      </object_component>
      <object_component id="oc-df">
         <name>.debug_abbrev</name>
         <load_address>0x26d3</load_address>
         <run_address>0x26d3</run_address>
         <size>0x118</size>
         <input_file_ref idref="fl-47"/>
      </object_component>
      <object_component id="oc-e3">
         <name>.debug_abbrev</name>
         <load_address>0x27eb</load_address>
         <run_address>0x27eb</run_address>
         <size>0xbf</size>
         <input_file_ref idref="fl-48"/>
      </object_component>
      <object_component id="oc-e8">
         <name>.debug_abbrev</name>
         <load_address>0x28aa</load_address>
         <run_address>0x28aa</run_address>
         <size>0x9b</size>
         <input_file_ref idref="fl-49"/>
      </object_component>
      <object_component id="oc-ef">
         <name>.debug_abbrev</name>
         <load_address>0x2945</load_address>
         <run_address>0x2945</run_address>
         <size>0xf2</size>
         <input_file_ref idref="fl-4a"/>
      </object_component>
      <object_component id="oc-f4">
         <name>.debug_abbrev</name>
         <load_address>0x2a37</load_address>
         <run_address>0x2a37</run_address>
         <size>0x8d</size>
         <input_file_ref idref="fl-4b"/>
      </object_component>
      <object_component id="oc-f9">
         <name>.debug_abbrev</name>
         <load_address>0x2ac4</load_address>
         <run_address>0x2ac4</run_address>
         <size>0xf3</size>
         <input_file_ref idref="fl-4c"/>
      </object_component>
      <object_component id="oc-11a">
         <name>.debug_abbrev</name>
         <load_address>0x2bb7</load_address>
         <run_address>0x2bb7</run_address>
         <size>0xd</size>
      </object_component>
   </object_component_list>
   <logical_group_list>
      <logical_group id="lg-2">
         <name>vectors</name>
         <load_address>0xffff00</load_address>
         <run_address>0xffff00</run_address>
         <size>0x100</size>
         <contents>
            <object_component_ref idref="oc-2a"/>
         </contents>
      </logical_group>
      <logical_group id="lg-3">
         <name>.cinit</name>
         <load_address>0xa48</load_address>
         <run_address>0xa48</run_address>
         <size>0x134</size>
         <contents>
            <object_component_ref idref="oc-81"/>
            <object_component_ref idref="oc-4e"/>
            <object_component_ref idref="oc-16"/>
            <object_component_ref idref="oc-31"/>
            <object_component_ref idref="oc-21"/>
            <object_component_ref idref="oc-d2"/>
            <object_component_ref idref="oc-d8"/>
            <object_component_ref idref="oc-ec"/>
         </contents>
      </logical_group>
      <logical_group id="lg-116">
         <name>.text.1</name>
         <load_address>0x10000</load_address>
         <run_address>0x10000</run_address>
         <size>0x2000</size>
         <contents>
            <object_component_ref idref="oc-34"/>
            <object_component_ref idref="oc-7e"/>
            <object_component_ref idref="oc-d5"/>
            <object_component_ref idref="oc-3e"/>
            <object_component_ref idref="oc-22"/>
         </contents>
      </logical_group>
      <logical_group id="lg-117">
         <name>.text.2</name>
         <load_address>0x12000</load_address>
         <run_address>0x12000</run_address>
         <size>0x1fff</size>
         <contents>
            <object_component_ref idref="oc-a4"/>
            <object_component_ref idref="oc-50"/>
            <object_component_ref idref="oc-d"/>
            <object_component_ref idref="oc-cf"/>
            <object_component_ref idref="oc-76"/>
            <object_component_ref idref="oc-b7"/>
            <object_component_ref idref="oc-46"/>
            <object_component_ref idref="oc-13"/>
            <object_component_ref idref="oc-f0"/>
            <object_component_ref idref="oc-69"/>
            <object_component_ref idref="oc-90"/>
            <object_component_ref idref="oc-e9"/>
            <object_component_ref idref="oc-cb"/>
            <object_component_ref idref="oc-b3"/>
            <object_component_ref idref="oc-bf"/>
            <object_component_ref idref="oc-ac"/>
            <object_component_ref idref="oc-c"/>
         </contents>
      </logical_group>
      <logical_group id="lg-118">
         <name>.text.3</name>
         <load_address>0x14000</load_address>
         <run_address>0x14000</run_address>
         <size>0x8a8</size>
         <contents>
            <object_component_ref idref="oc-65"/>
            <object_component_ref idref="oc-54"/>
            <object_component_ref idref="oc-84"/>
            <object_component_ref idref="oc-dc"/>
            <object_component_ref idref="oc-c3"/>
            <object_component_ref idref="oc-6e"/>
            <object_component_ref idref="oc-9c"/>
            <object_component_ref idref="oc-5c"/>
            <object_component_ref idref="oc-a9"/>
            <object_component_ref idref="oc-c7"/>
            <object_component_ref idref="oc-60"/>
            <object_component_ref idref="oc-f5"/>
            <object_component_ref idref="oc-25"/>
            <object_component_ref idref="oc-42"/>
            <object_component_ref idref="oc-3a"/>
            <object_component_ref idref="oc-98"/>
            <object_component_ref idref="oc-bb"/>
            <object_component_ref idref="oc-8c"/>
            <object_component_ref idref="oc-1e"/>
            <object_component_ref idref="oc-e4"/>
            <object_component_ref idref="oc-58"/>
            <object_component_ref idref="oc-af"/>
            <object_component_ref idref="oc-88"/>
            <object_component_ref idref="oc-72"/>
            <object_component_ref idref="oc-a0"/>
            <object_component_ref idref="oc-7a"/>
            <object_component_ref idref="oc-2e"/>
            <object_component_ref idref="oc-94"/>
            <object_component_ref idref="oc-e0"/>
            <object_component_ref idref="oc-29"/>
         </contents>
      </logical_group>
      <split_section id="lg-4">
         <name>.text</name>
         <contents>
            <logical_group_ref idref="lg-116"/>
            <logical_group_ref idref="lg-117"/>
            <logical_group_ref idref="lg-118"/>
         </contents>
      </split_section>
      <logical_group id="lg-5">
         <name>.stack</name>
         <run_address>0x648</run_address>
         <size>0x200</size>
         <contents>
            <object_component_ref idref="oc-1a"/>
            <object_component_ref idref="oc-110"/>
         </contents>
      </logical_group>
      <logical_group id="lg-6">
         <name>.sysstack</name>
         <run_address>0x848</run_address>
         <size>0x200</size>
         <contents>
            <object_component_ref idref="oc-fa"/>
            <object_component_ref idref="oc-112"/>
         </contents>
      </logical_group>
      <logical_group id="lg-7">
         <name>.sysmem</name>
         <run_address>0x8000</run_address>
         <size>0x400</size>
         <contents>
            <object_component_ref idref="oc-d9"/>
            <object_component_ref idref="oc-111"/>
         </contents>
      </logical_group>
      <logical_group id="lg-8">
         <name>.data</name>
         <run_address>0x8000</run_address>
         <size>0x0</size>
         <contents>
         </contents>
      </logical_group>
      <logical_group id="lg-9">
         <name>.cio</name>
         <run_address>0x408</run_address>
         <size>0x240</size>
         <contents>
            <object_component_ref idref="oc-ab"/>
         </contents>
      </logical_group>
      <logical_group id="lg-a">
         <name>.bss</name>
         <run_address>0xa000</run_address>
         <size>0x14fc</size>
         <contents>
            <object_component_ref idref="oc-14"/>
            <object_component_ref idref="oc-1f"/>
            <object_component_ref idref="oc-2f"/>
            <object_component_ref idref="oc-4c"/>
            <object_component_ref idref="oc-7f"/>
            <object_component_ref idref="oc-a5"/>
            <object_component_ref idref="oc-d0"/>
            <object_component_ref idref="oc-d6"/>
            <object_component_ref idref="oc-ea"/>
         </contents>
      </logical_group>
      <logical_group id="lg-b">
         <name>.const</name>
         <load_address>0xc0</load_address>
         <run_address>0xc0</run_address>
         <size>0x344</size>
         <contents>
            <object_component_ref idref="oc-fb"/>
            <object_component_ref idref="oc-f"/>
            <object_component_ref idref="oc-37"/>
[...]
         <value>0x135eb</value>
         <object_component_ref idref="oc-13"/>
      </symbol>
      <symbol id="sm-7e">
         <name>_coeff_LP1_Q14</name>
         <value>0xb002</value>
         <object_component_ref idref="oc-14"/>
      </symbol>
      <symbol id="sm-7f">
         <name>_testOutput</name>
         <value>0xa802</value>
         <object_component_ref idref="oc-14"/>
      </symbol>
      <symbol id="sm-80">
         <name>_index</name>
         <value>0xa000</value>
         <object_component_ref idref="oc-14"/>
      </symbol>
      <symbol id="sm-81">
         <name>_iir_trans_second_order</name>
         <value>0x13575</value>
         <object_component_ref idref="oc-13"/>
      </symbol>
      <symbol id="sm-8d">
         <name>__sysstack</name>
         <value>0x848</value>
         <object_component_ref idref="oc-fa"/>
      </symbol>
      <symbol id="sm-8e">
         <name>_c_int00</name>
         <value>0x13fca</value>
         <object_component_ref idref="oc-c"/>
      </symbol>
      <symbol id="sm-8f">
         <name>__stack</name>
         <value>0x648</value>
         <object_component_ref idref="oc-1a"/>
      </symbol>
      <symbol id="sm-9f">
         <name>C$$EXIT</name>
         <value>0x11ff9</value>
         <object_component_ref idref="oc-22"/>
      </symbol>
      <symbol id="sm-a0">
         <name>_exit</name>
         <value>0x14756</value>
         <object_component_ref idref="oc-1e"/>
      </symbol>
      <symbol id="sm-a1">
         <name>_abort</name>
         <value>0x11ff8</value>
         <object_component_ref idref="oc-22"/>
      </symbol>
      <symbol id="sm-a2">
         <name>__cleanup_ptr</name>
         <value>0xb4f4</value>
         <object_component_ref idref="oc-1f"/>
      </symbol>
      <symbol id="sm-a3">
         <name>__dtors_ptr</name>
         <value>0xb4f8</value>
         <object_component_ref idref="oc-1f"/>
      </symbol>
      <symbol id="sm-ad">
         <name>_printf</name>
         <value>0x1459c</value>
         <object_component_ref idref="oc-25"/>
      </symbol>
      <symbol id="sm-b7">
         <name>_Reset</name>
         <value>0xffff00</value>
         <object_component_ref idref="oc-2a"/>
      </symbol>
      <symbol id="sm-c5">
         <name>__unlock</name>
         <value>0xb4f0</value>
         <object_component_ref idref="oc-2f"/>
      </symbol>
      <symbol id="sm-c6">
         <name>__lock</name>
         <value>0xb4ec</value>
         <object_component_ref idref="oc-2f"/>
      </symbol>
      <symbol id="sm-c7">
         <name>__register_lock</name>
         <value>0x14881</value>
         <object_component_ref idref="oc-2e"/>
      </symbol>
      <symbol id="sm-c8">
         <name>__nop</name>
         <value>0x14889</value>
         <object_component_ref idref="oc-2e"/>
      </symbol>
      <symbol id="sm-c9">
         <name>__register_unlock</name>
         <value>0x14879</value>
         <object_component_ref idref="oc-2e"/>
      </symbol>
      <symbol id="sm-db">
         <name>__printfi</name>
         <value>0x11362</value>
         <object_component_ref idref="oc-34"/>
      </symbol>
      <symbol id="sm-e5">
         <name>__args_main</name>
         <value>0x14639</value>
         <object_component_ref idref="oc-3a"/>
      </symbol>
      <symbol id="sm-e6">
         <name>__TI_args_main</name>
         <value>0x1</value>
      </symbol>
      <symbol id="sm-f0">
         <name>_atoi</name>
         <value>0x11f9c</value>
         <object_component_ref idref="oc-3e"/>
      </symbol>
      <symbol id="sm-f8">
         <name>_auto_init</name>
         <value>0x145ec</value>
         <object_component_ref idref="oc-42"/>
      </symbol>
      <symbol id="sm-102">
         <name>__eqld</name>
         <value>0x134e9</value>
         <object_component_ref idref="oc-46"/>
      </symbol>
      <symbol id="sm-103">
         <name>__cmpd</name>
         <value>0x1351d</value>
         <object_component_ref idref="oc-46"/>
      </symbol>
      <symbol id="sm-104">
         <name>__neqd</name>
         <value>0x1338b</value>
         <object_component_ref idref="oc-46"/>
      </symbol>
      <symbol id="sm-105">
         <name>__gtrd</name>
         <value>0x13454</value>
         <object_component_ref idref="oc-46"/>
      </symbol>
      <symbol id="sm-106">
         <name>__geqd</name>
         <value>0x1349f</value>
         <object_component_ref idref="oc-46"/>
      </symbol>
      <symbol id="sm-107">
         <name>__leqd</name>
         <value>0x13407</value>
         <object_component_ref idref="oc-46"/>
      </symbol>
      <symbol id="sm-108">
         <name>__lssd</name>
         <value>0x133bf</value>
         <object_component_ref idref="oc-46"/>
      </symbol>
      <symbol id="sm-110">
         <name>__ctypes_</name>
         <value>0xc0</value>
         <object_component_ref idref="oc-fb"/>
      </symbol>
      <symbol id="sm-11a">
         <name>__tmpnams</name>
         <value>0xb118</value>
         <object_component_ref idref="oc-4c"/>
      </symbol>
      <symbol id="sm-11b">
         <name>__ft_end</name>
         <value>0xb258</value>
         <object_component_ref idref="oc-4c"/>
      </symbol>
      <symbol id="sm-11c">
         <name>__ftable</name>
         <value>0xb028</value>
         <object_component_ref idref="oc-4c"/>
      </symbol>
      <symbol id="sm-128">
         <name>__divd</name>
         <value>0x12528</value>
         <object_component_ref idref="oc-50"/>
      </symbol>
      <symbol id="sm-133">
         <name>__divul</name>
         <value>0x140a6</value>
         <object_component_ref idref="oc-54"/>
      </symbol>
      <symbol id="sm-13d">
         <name>__fixdi</name>
         <value>0x147c1</value>
         <object_component_ref idref="oc-58"/>
      </symbol>
      <symbol id="sm-147">
         <name>__fixdli</name>
         <value>0x1439a</value>
         <object_component_ref idref="oc-5c"/>
      </symbol>
      <symbol id="sm-153">
         <name>__fltlid</name>
         <value>0x144e1</value>
         <object_component_ref idref="oc-60"/>
      </symbol>
      <symbol id="sm-15d">
         <name>_putchar</name>
         <value>0x14097</value>
         <object_component_ref idref="oc-65"/>
      </symbol>
      <symbol id="sm-15e">
         <name>_putc</name>
         <value>0x14000</value>
         <object_component_ref idref="oc-65"/>
      </symbol>
      <symbol id="sm-15f">
         <name>_fputc</name>
         <value>0x14000</value>
         <object_component_ref idref="oc-65"/>
      </symbol>
      <symbol id="sm-16d">
         <name>_puts</name>
         <value>0x139e7</value>
         <object_component_ref idref="oc-69"/>
      </symbol>
      <symbol id="sm-16e">
         <name>_fputs</name>
         <value>0x138b2</value>
         <object_component_ref idref="oc-69"/>
      </symbol>
      <symbol id="sm-178">
         <name>__frcmpyd_div</name>
         <value>0x142b5</value>
         <object_component_ref idref="oc-6e"/>
      </symbol>
      <symbol id="sm-182">
         <name>___isinf</name>
         <value>0x14838</value>
         <object_component_ref idref="oc-72"/>
      </symbol>
      <symbol id="sm-18c">
         <name>__divull</name>
         <value>0x13008</value>
         <object_component_ref idref="oc-76"/>
      </symbol>
      <symbol id="sm-18d">
         <name>__mpylli</name>
         <value>0x12f50</value>
         <object_component_ref idref="oc-76"/>
      </symbol>
      <symbol id="sm-18e">
         <name>__remlli</name>
         <value>0x12f21</value>
         <object_component_ref idref="oc-76"/>
      </symbol>
      <symbol id="sm-18f">
         <name>__divlli</name>
         <value>0x130fc</value>
         <object_component_ref idref="oc-76"/>
      </symbol>
      <symbol id="sm-190">
         <name>__remull</name>
         <value>0x12ed3</value>
         <object_component_ref idref="oc-76"/>
      </symbol>
      <symbol id="sm-198">
         <name>__mpyli</name>
         <value>0x14866</value>
         <object_component_ref idref="oc-7a"/>
      </symbol>
      <symbol id="sm-199">
         <name>I$$LMPY</name>
         <value>0x14866</value>
         <object_component_ref idref="oc-7a"/>
      </symbol>
      <symbol id="sm-1ab">
         <name>_add_device</name>
         <value>0x119f7</value>
         <object_component_ref idref="oc-7e"/>
      </symbol>
      <symbol id="sm-1ac">
         <name>_rename</name>
         <value>0x11719</value>
         <object_component_ref idref="oc-7e"/>
      </symbol>
      <symbol id="sm-1ad">
         <name>_read</name>
         <value>0x117a8</value>
         <object_component_ref idref="oc-7e"/>
      </symbol>
      <symbol id="sm-1ae">
         <name>_unlink</name>
         <value>0x116e6</value>
         <object_component_ref idref="oc-7e"/>
      </symbol>
      <symbol id="sm-1af">
         <name>_remove_device</name>
         <value>0x11772</value>
         <object_component_ref idref="oc-7e"/>
      </symbol>
      <symbol id="sm-1b0">
         <name>_open</name>
         <value>0x11856</value>
         <object_component_ref idref="oc-7e"/>
      </symbol>
      <symbol id="sm-1b1">
         <name>_find_registered_device</name>
         <value>0x1197b</value>
         <object_component_ref idref="oc-7e"/>
      </symbol>
      <symbol id="sm-1b2">
         <name>_lseek</name>
         <value>0x11915</value>
         <object_component_ref idref="oc-7e"/>
      </symbol>
      <symbol id="sm-1b3">
         <name>_close</name>
         <value>0x11984</value>
         <object_component_ref idref="oc-7e"/>
      </symbol>
      <symbol id="sm-1b4">
         <name>_write</name>
         <value>0x115a4</value>
         <object_component_ref idref="oc-7e"/>
      </symbol>
      <symbol id="sm-1be">
         <name>_ltoa</name>
         <value>0x14147</value>
         <object_component_ref idref="oc-84"/>
      </symbol>
      <symbol id="sm-1c9">
         <name>_memccpy</name>
         <value>0x14815</value>
         <object_component_ref idref="oc-88"/>
      </symbol>
      <symbol id="sm-1d1">
         <name>_memcpy</name>
         <value>0x14717</value>
         <object_component_ref idref="oc-8c"/>
      </symbol>
      <symbol id="sm-1db">
         <name>__mpyd</name>
         <value>0x13a15</value>
         <object_component_ref idref="oc-90"/>
      </symbol>
      <symbol id="sm-1e5">
         <name>__negd</name>
         <value>0x1488b</value>
         <object_component_ref idref="oc-94"/>
      </symbol>
      <symbol id="sm-1ef">
         <name>__remli</name>
         <value>0x14684</value>
         <object_component_ref idref="oc-98"/>
      </symbol>
      <symbol id="sm-1fa">
         <name>__remul</name>
         <value>0x14328</value>
         <object_component_ref idref="oc-9c"/>
      </symbol>
      <symbol id="sm-204">
         <name>__subd</name>
         <value>0x14852</value>
         <object_component_ref idref="oc-a0"/>
      </symbol>
      <symbol id="sm-210">
         <name>_HOSTopen</name>
         <value>0x1230b</value>
         <object_component_ref idref="oc-a4"/>
      </symbol>
      <symbol id="sm-211">
         <name>_HOSTread</name>
         <value>0x1227e</value>
         <object_component_ref idref="oc-a4"/>
      </symbol>
      <symbol id="sm-212">
         <name>_HOSTtime</name>
         <value>0x12172</value>
         <object_component_ref idref="oc-a4"/>
      </symbol>
      <symbol id="sm-213">
         <name>_getenv</name>
         <value>0x12000</value>
         <object_component_ref idref="oc-a4"/>
      </symbol>
      <symbol id="sm-214">
         <name>_HOSTrename</name>
         <value>0x121d0</value>
         <object_component_ref idref="oc-a4"/>
      </symbol>
      <symbol id="sm-215">
         <name>_HOSTclock</name>
         <value>0x124ca</value>
         <object_component_ref idref="oc-a4"/>
      </symbol>
      <symbol id="sm-216">
         <name>_HOSTwrite</name>
         <value>0x1207b</value>
         <object_component_ref idref="oc-a4"/>
      </symbol>
      <symbol id="sm-217">
         <name>_HOSTlseek</name>
         <value>0x123aa</value>
         <object_component_ref idref="oc-a4"/>
      </symbol>
      <symbol id="sm-218">
         <name>_HOSTunlink</name>
         <value>0x12108</value>
         <object_component_ref idref="oc-a4"/>
      </symbol>
      <symbol id="sm-219">
         <name>_HOSTclose</name>
         <value>0x1245f</value>
         <object_component_ref idref="oc-a4"/>
      </symbol>
      <symbol id="sm-22b">
         <name>C$$IO$$</name>
         <value>0x13fc5</value>
         <object_component_ref idref="oc-ac"/>
      </symbol>
      <symbol id="sm-22c">
         <name>__CIOBUF_</name>
         <value>0x408</value>
         <object_component_ref idref="oc-ab"/>
      </symbol>
      <symbol id="sm-22d">
         <name>_readmsg</name>
         <value>0x14409</value>
         <object_component_ref idref="oc-a9"/>
      </symbol>
      <symbol id="sm-22e">
         <name>_writemsg</name>
         <value>0x13f10</value>
         <object_component_ref idref="oc-ac"/>
      </symbol>
      <symbol id="sm-236">
         <name>__remu</name>
         <value>0x14800</value>
         <object_component_ref idref="oc-af"/>
      </symbol>
      <symbol id="sm-237">
         <name>__divu</name>
         <value>0x147eb</value>
         <object_component_ref idref="oc-af"/>
      </symbol>
      <symbol id="sm-238">
         <name>I$$UMOD</name>
         <value>0x14800</value>
         <object_component_ref idref="oc-af"/>
      </symbol>
      <symbol id="sm-239">
         <name>I$$UDIV</name>
         <value>0x147eb</value>
         <object_component_ref idref="oc-af"/>
      </symbol>
      <symbol id="sm-243">
         <name>__rd_ok</name>
         <value>0x13df1</value>
         <object_component_ref idref="oc-b3"/>
      </symbol>
      <symbol id="sm-244">
         <name>__wrt_ok</name>
         <value>0x13d71</value>
         <object_component_ref idref="oc-b3"/>
      </symbol>
      <symbol id="sm-24e">
         <name>__addd</name>
         <value>0x13131</value>
         <object_component_ref idref="oc-b7"/>
      </symbol>
      <symbol id="sm-258">
         <name>__divli</name>
         <value>0x146cf</value>
         <object_component_ref idref="oc-bb"/>
      </symbol>
      <symbol id="sm-262">
         <name>__doflush</name>
         <value>0x13e4e</value>
         <object_component_ref idref="oc-bf"/>
      </symbol>
      <symbol id="sm-263">
         <name>_fflush</name>
         <value>0x13eb7</value>
         <object_component_ref idref="oc-bf"/>
      </symbol>
      <symbol id="sm-26d">
         <name>__frcmpyd</name>
         <value>0x1423f</value>
         <object_component_ref idref="oc-c3"/>
      </symbol>
      <symbol id="sm-277">
         <name>_fseek</name>
         <value>0x14476</value>
         <object_component_ref idref="oc-c7"/>
      </symbol>
      <symbol id="sm-281">
         <name>_setvbuf</name>
         <value>0x13c8b</value>
         <object_component_ref idref="oc-cb"/>
      </symbol>
      <symbol id="sm-290">
         <name>__cleanup</name>
         <value>0x12d75</value>
         <object_component_ref idref="oc-cf"/>
      </symbol>
      <symbol id="sm-291">
         <name>_fopen</name>
         <value>0x12e98</value>
         <object_component_ref idref="oc-cf"/>
      </symbol>
      <symbol id="sm-292">
         <name>_freopen</name>
         <value>0x12dcf</value>
         <object_component_ref idref="oc-cf"/>
      </symbol>
      <symbol id="sm-2a2">
         <name>__sys_memory</name>
         <value>0x8000</value>
         <object_component_ref idref="oc-d9"/>
      </symbol>
      <symbol id="sm-2a3">
         <name>_chkheap</name>
         <value>0x11f6e</value>
         <object_component_ref idref="oc-d5"/>
      </symbol>
      <symbol id="sm-2a4">
         <name>_realloc</name>
         <value>0x11d0d</value>
         <object_component_ref idref="oc-d5"/>
      </symbol>
      <symbol id="sm-2a5">
         <name>_free_memory</name>
         <value>0x11f18</value>
         <object_component_ref idref="oc-d5"/>
      </symbol>
      <symbol id="sm-2a6">
         <name>_max_free</name>
         <value>0x11ebe</value>
         <object_component_ref idref="oc-d5"/>
      </symbol>
      <symbol id="sm-2a7">
         <name>_free</name>
         <value>0x11ae7</value>
         <object_component_ref idref="oc-d5"/>
      </symbol>
      <symbol id="sm-2a8">
         <name>_calloc</name>
         <value>0x11f76</value>
         <object_component_ref idref="oc-d5"/>
      </symbol>
      <symbol id="sm-2a9">
         <name>_malloc</name>
         <value>0x11c18</value>
         <object_component_ref idref="oc-d5"/>
      </symbol>
      <symbol id="sm-2aa">
         <name>_minit</name>
         <value>0x11bb3</value>
         <object_component_ref idref="oc-d5"/>
      </symbol>
      <symbol id="sm-2b4">
         <name>_fclose</name>
         <value>0x141c4</value>
         <object_component_ref idref="oc-dc"/>
      </symbol>
      <symbol id="sm-2be">
         <name>_remove</name>
         <value>0x1489b</value>
         <object_component_ref idref="oc-e0"/>
      </symbol>
      <symbol id="sm-2c8">
         <name>_USBSTK5505_LED_on</name>
         <value>0x1479f</value>
         <object_component_ref idref="oc-e4"/>
      </symbol>
      <symbol id="sm-2c9">
         <name>_USBSTK5505_LED_off</name>
         <value>0x147b0</value>
         <object_component_ref idref="oc-e4"/>
      </symbol>
      <symbol id="sm-2ca">
         <name>_USBSTK5505_LED_init</name>
         <value>0x14794</value>
         <object_component_ref idref="oc-e4"/>
      </symbol>
      <symbol id="sm-2f2">
         <name>_USBSTK5505_I2C_reset</name>
         <value>0x13b89</value>
         <object_component_ref idref="oc-e9"/>
      </symbol>
      <symbol id="sm-2f3">
         <name>_USBSTK5505_I2C_write</name>
         <value>0x13b97</value>
         <object_component_ref idref="oc-e9"/>
      </symbol>
      <symbol id="sm-2f4">
         <name>_USBSTK5505_I2C_init</name>
         <value>0x13b61</value>
         <object_component_ref idref="oc-e9"/>
      </symbol>
      <symbol id="sm-2f5">
         <name>_i2c_timeout</name>
         <value>0xb3fa</value>
         <object_component_ref idref="oc-ea"/>
      </symbol>
      <symbol id="sm-2f6">
         <name>_USBSTK5505_I2C_close</name>
         <value>0x13b80</value>
         <object_component_ref idref="oc-e9"/>
      </symbol>
      <symbol id="sm-2f7">
         <name>_USBSTK5505_I2C_read</name>
         <value>0x13c12</value>
         <object_component_ref idref="oc-e9"/>
      </symbol>
      <symbol id="sm-30b">
         <name>_USBSTK5505_GPIO_setDirection</name>
         <value>0x13752</value>
         <object_component_ref idref="oc-f0"/>
      </symbol>
      <symbol id="sm-30c">
         <name>_USBSTK5505_GPIO_setOutput</name>
         <value>0x137dd</value>
         <object_component_ref idref="oc-f0"/>
      </symbol>
      <symbol id="sm-30d">
         <name>_USBSTK5505_GPIO_init</name>
         <value>0x1374e</value>
         <object_component_ref idref="oc-f0"/>
      </symbol>
      <symbol id="sm-30e">
         <name>_USBSTK5505_GPIO_getInput</name>
         <value>0x1385a</value>
         <object_component_ref idref="oc-f0"/>
      </symbol>
      <symbol id="sm-31c">
         <name>_USBSTK5505_waitusec</name>
         <value>0x1457c</value>
         <object_component_ref idref="oc-f5"/>
      </symbol>
      <symbol id="sm-31d">
         <name>_USBSTK5505_wait</name>
         <value>0x14548</value>
         <object_component_ref idref="oc-f5"/>
      </symbol>
      <symbol id="sm-31e">
         <name>_USBSTK5505_init</name>
         <value>0x1458e</value>
         <object_component_ref idref="oc-f5"/>
      </symbol>
   </symbol_table>
</link_info>
