******************************************************************************
              TMS320C55x Linker PC v4.4.1                      
******************************************************************************
>> Linked Thu Jan 17 16:02:52 2019

OUTPUT FILE NAME:   <iir_filters_for_students.out>
ENTRY POINT SYMBOL: "_c_int00"  address: 00013fca


MEMORY CONFIGURATION

         name            origin    length      used     unused   attr    fill
                        (bytes)   (bytes)    (bytes)   (bytes)
----------------------  --------  ---------  --------  --------  ----  --------
  MMR                   00000000   000000c0  00000000  000000c0  RWIX
  DARAM0                000000c0   00001f40  00000ab8  00001488  RWIX
  DARAM1                00002000   00002000  00000000  00002000  RWIX
  DARAM2                00004000   00002000  00000000  00002000  RWIX
  DARAM3                00006000   00002000  00000000  00002000  RWIX
  DARAM4                00008000   00002000  00000400  00001c00  RWIX
  DARAM5                0000a000   00002000  000014fc  00000b04  RWIX
  DARAM6                0000c000   00002000  00000000  00002000  RWIX
  DARAM7                0000e000   00002000  00000000  00002000  RWIX
  SARAM0                00010000   00002000  00002000  00000000  RWIX
  SARAM1                00012000   00002000  00001fff  00000001  RWIX
  SARAM2                00014000   00002000  000008a8  00001758  RWIX
  SARAM3                00016000   00002000  00000000  00002000  RWIX
  SARAM4                00018000   00002000  00000000  00002000  RWIX
  SARAM5                0001a000   00002000  00000000  00002000  RWIX
  SARAM6                0001c000   00002000  00000000  00002000  RWIX
  SARAM7                0001e000   00002000  00000000  00002000  RWIX
  SARAM8                00020000   00002000  00000000  00002000  RWIX
  SARAM9                00022000   00002000  00000000  00002000  RWIX
  SARAM10               00024000   00002000  00000000  00002000  RWIX
  SARAM11               00026000   00002000  00000000  00002000  RWIX
  SARAM12               00028000   00002000  00000000  00002000  RWIX
  SARAM13               0002a000   00002000  00000000  00002000  RWIX
  SARAM14               0002c000   00002000  00000000  00002000  RWIX
  SARAM15               0002e000   00002000  00000000  00002000  RWIX
  SARAM16               00030000   00002000  00000000  00002000  RWIX
  SARAM17               00032000   00002000  00000000  00002000  RWIX
  SARAM18               00034000   00002000  00000000  00002000  RWIX
  SARAM19               00036000   00002000  00000000  00002000  RWIX
  SARAM20               00038000   00002000  00000000  00002000  RWIX
  SARAM21               0003a000   00002000  00000000  00002000  RWIX
  SARAM22               0003c000   00002000  00000000  00002000  RWIX
  SARAM23               0003e000   00002000  00000000  00002000  RWIX
  SARAM24               00040000   00002000  00000000  00002000  RWIX
  SARAM25               00042000   00002000  00000000  00002000  RWIX
  SARAM26               00044000   00002000  00000000  00002000  RWIX
  SARAM27               00046000   00002000  00000000  00002000  RWIX
  SARAM28               00048000   00002000  00000000  00002000  RWIX
  SARAM29               0004a000   00002000  00000000  00002000  RWIX
  SARAM30               0004c000   00002000  00000000  00002000  RWIX
  SARAM31               0004e000   00002000  00000000  00002000  RWIX
  CS2                   00800000   00400000  00000000  00400000  RWIX
  CS3                   00c00000   00200000  00000000  00200000  RWIX
  CS4                   00e00000   00100000  00000000  00100000  RWIX
  CS5                   00f00000   000e0000  00000000  000e0000  RWIX
  ROM                   00fe0000   0001ff00  00000000  0001ff00  RWIX
  VECS                  00ffff00   00000100  00000100  00000000  RWIX


SECTION ALLOCATION MAP
(Addresses surrounded by []'s are displayed for convenience only!)

output                                                          attributes/
section   page  orgn(bytes) orgn(words) len(bytes) len(words)   input sections
--------  ----  ----------- ----------- ---------- ----------   --------------
.const       0   [ 000000c0 ]  00000060          *   000001a2   
                 [ 000000c0 ]  00000060          *   00000101   rts55x.lib : ctype.obj (.const:__ctypes_)
                 [ 000002c2 ]  00000161          *   00000001   --HOLE-- [fill = 0]
                 [ 000002c4 ]  00000162          *   00000064   aic3204_init.obj (.const:.string)
                 [ 0000038c ]  000001c6          *   00000024   rts55x.lib : _printfi.obj (.const:.string)
                 [ 000003d4 ]  000001ea          *   0000000c              : _printfi.obj (.const)
                 [ 000003ec ]  000001f6          *   00000008              : divd.obj (.const:_initial_approx$1)
                 [ 000003fc ]  000001fe          *   00000002              : fputs.obj (.const:.string)
                 [ 00000400 ]  00000200          *   00000002              : fltlid.obj (.const)

.cio         0   [ 00000408 ]  00000204          *   00000120   UNINITIALIZED
                 [ 00000408 ]  00000204          *   00000120   rts55x.lib : trgmsg.obj (.cio)

.stack       0   [ 00000648 ]  00000324          *   00000100   UNINITIALIZED
                 [ 00000648 ]  00000324          *   00000100   --HOLE--

.sysstack 
*            0   [ 00000848 ]  00000424          *   00000100   UNINITIALIZED
                 [ 00000848 ]  00000424          *   00000100   --HOLE--

.cinit       0   [ 00000a48 ]  00000524          *   0000009a   
                 [ 00000a48 ]  00000524          *   0000002d   rts55x.lib : lowlev.obj (.cinit)
                 [ 00000aa2 ]  00000551          *   0000002a              : defs.obj (.cinit)
                 [ 00000af6 ]  0000057b          *   00000022   fix_point_iir_example_for_students.obj (.cinit)
                 [ 00000b3a ]  0000059d          *   0000000a   rts55x.lib : _lock.obj (.cinit)
                 [ 00000b4e ]  000005a7          *   0000000a              : exit.obj (.cinit)
                 [ 00000b62 ]  000005b1          *   00000004              : fopen.obj (.cinit)
                 [ 00000b6a ]  000005b5          *   00000004              : memory.obj (.cinit)
                 [ 00000b72 ]  000005b9          *   00000004   usbstk5505bsl.lib : usbstk5505_i2c.obj (.cinit)
                 [ 00000b7a ]  000005bd          *   00000001   --HOLE-- [fill = 0]

.sysmem      0   [ 00008000 ]  00004000          *   00000200   UNINITIALIZED
                 [ 00008000 ]  00004000          *   00000200   --HOLE--

.data        0   [ 00008000 ]  00004000          *   00000000   UNINITIALIZED

.bss         0   [ 0000a000 ]  00005000          *   00000a7e   UNINITIALIZED
                 [ 0000a000 ]  00005000          *   00000813   fix_point_iir_example_for_students.obj (.bss)
                 [ 0000b026 ]  00005813          *   00000001   rts55x.lib : fopen.obj (.bss)
                 [ 0000b028 ]  00005814          *   00000119              : defs.obj (.bss)
                 [ 0000b25a ]  0000592d          *   000000d0              : trgdrv.obj (.bss)
                 [ 0000b3fa ]  000059fd          *   00000001   usbstk5505bsl.lib : usbstk5505_i2c.obj (.bss)
                 [ 0000b3fc ]  000059fe          *   00000071   rts55x.lib : lowlev.obj (.bss)
                 [ 0000b4de ]  00005a6f          *   00000001   --HOLE--
                 [ 0000b4e0 ]  00005a70          *   00000006              : memory.obj (.bss)
                 [ 0000b4ec ]  00005a76          *   00000004              : _lock.obj (.bss)
                 [ 0000b4f4 ]  00005a7a          *   00000004              : exit.obj (.bss)

.text.1      0     00010000  [ 00008000 ] 00002000          *   
                   00010000  [ 00008000 ] 000015a4          *   rts55x.lib : _printfi.obj (.text)
                   000115a4  [ 00008ad2 ] 00000543          *              : lowlev.obj (.text)
                   00011ae7  [ 00008d73+] 000004b5          *              : memory.obj (.text)
                   00011f9c  [ 00008fce ] 0000005c          *              : atoi.obj (.text)
                   00011ff8  [ 00008ffc ] 00000007          *              : exit.obj (.text:CIO_breakpoint)
                   00011fff  [ 00008fff ] 00000001          *   --HOLE-- [fill = 20]

.text.2      0     00012000  [ 00009000 ] 00001fff          *   
                   00012000  [ 00009000 ] 00000528          *   rts55x.lib : trgdrv.obj (.text)
                   00012528  [ 00009294 ] 000003cc          *              : divd.obj (.text)
                   000128f4  [ 0000947a ] 00000360          *   aic3204_init.obj (.text)
                   00012c54  [ 0000962a ] 0000027f          *   rts55x.lib : fopen.obj (.text)
                   00012ed3  [ 00009769+] 0000025e          *              : llmpy.obj (.text)
                   00013131  [ 00009898+] 0000025a          *              : addd.obj (.text)
                   0001338b  [ 000099c5+] 000001ea          *              : cmpd.obj (.text)
                   00013575  [ 00009aba+] 000001d9          *   fix_point_iir_example_for_students.obj (.text)
                   0001374e  [ 00009ba7 ] 00000164          *   usbstk5505bsl.lib : usbstk5505_gpio.obj (.text)
                   000138b2  [ 00009c59 ] 00000163          *   rts55x.lib : fputs.obj (.text)
                   00013a15  [ 00009d0a+] 0000014c          *              : mpyd.obj (.text)
                   00013b61  [ 00009db0+] 0000012a          *   usbstk5505bsl.lib : usbstk5505_i2c.obj (.text)
                   00013c8b  [ 00009e45+] 000000e6          *   rts55x.lib : setvbuf.obj (.text)
                   00013d71  [ 00009eb8+] 000000dd          *              : _io_perm.obj (.text)
                   00013e4e  [ 00009f27 ] 000000c2          *              : fflush.obj (.text)
                   00013f10  [ 00009f88 ] 000000ba          *              : trgmsg.obj (.text:CIO_breakpoint)
                   00013fca  [ 00009fe5 ] 00000034          *              : boot.obj (.text)
                   00013ffe  [ 00009fff ] 00000001          *   --HOLE-- [fill = 20]

.text.3      0     00014000  [ 0000a000 ] 000008a8          *   
                   00014000  [ 0000a000 ] 000000a6          *   rts55x.lib : fputc.obj (.text)
                   000140a6  [ 0000a053 ] 000000a1          *              : divul.obj (.text)
                   00014147  [ 0000a0a3+] 0000007d          *              : ltoa.obj (.text)
                   000141c4  [ 0000a0e2 ] 0000007b          *              : fclose.obj (.text)
                   0001423f  [ 0000a11f+] 00000076          *              : frcmpyd.obj (.text)
                   000142b5  [ 0000a15a+] 00000073          *              : frcmpyd_div.obj (.text)
                   00014328  [ 0000a194 ] 00000072          *              : remul.obj (.text)
                   0001439a  [ 0000a1cd ] 0000006f          *              : fixdli.obj (.text)
                   00014409  [ 0000a204+] 0000006d          *              : trgmsg.obj (.text)
                   00014476  [ 0000a23b ] 0000006b          *              : fseek.obj (.text)
                   000144e1  [ 0000a270+] 00000067          *              : fltlid.obj (.text)
                   00014548  [ 0000a2a4 ] 00000054          *   usbstk5505bsl.lib : usbstk5505.obj (.text)
                   0001459c  [ 0000a2ce ] 00000050          *   rts55x.lib : printf.obj (.text)
                   000145ec  [ 0000a2f6 ] 0000004d          *              : autoinit.obj (.text)
                   00014639  [ 0000a31c+] 0000004b          *              : args_main.obj (.text)
                   00014684  [ 0000a342 ] 0000004b          *              : remli.obj (.text)
                   000146cf  [ 0000a367+] 00000048          *              : divli.obj (.text)
                   00014717  [ 0000a38b+] 0000003f          *              : memcpy.obj (.text)
                   00014756  [ 0000a3ab ] 0000003e          *              : exit.obj (.text)
                   00014794  [ 0000a3ca ] 0000002d          *   usbstk5505bsl.lib : usbstk5505_led.obj (.text)
                   000147c1  [ 0000a3e0+] 0000002a          *   rts55x.lib : fixdi.obj (.text)
                   000147eb  [ 0000a3f5+] 0000002a          *              : udiv.obj (.text)
                   00014815  [ 0000a40a+] 00000023          *              : memccpy.obj (.text)
                   00014838  [ 0000a41c ] 0000001a          *              : isinf.obj (.text)
                   00014852  [ 0000a429 ] 00000014          *              : subd.obj (.text)
                   00014866  [ 0000a433 ] 00000013          *              : lmpy.obj (.text)
                   00014879  [ 0000a43c+] 00000012          *              : _lock.obj (.text)
                   0001488b  [ 0000a445+] 00000010          *              : negd.obj (.text)
                   0001489b  [ 0000a44d+] 0000000a          *              : remove.obj (.text)
                   000148a5  [ 0000a452+] 00000002          *              : vectors.obj (.text)
                   000148a7  [ 0000a453 ] 00000001          *   --HOLE-- [fill = 20]

vectors      0     00ffff00  [ 007fff80 ] 00000100          *   NOLOAD SECTION
                   00ffff00  [ 007fff80 ] 00000100          *   rts55x.lib : vectors.obj (vectors)


GLOBAL SYMBOLS: SORTED ALPHABETICALLY BY Name 

abs. value/
byte addr   word addr   name
---------   ---------   ----
00000002                $TI_capability$C5500$CallingConvention
00000002                $TI_capability$C5500$MemoryModel
00000001                $TI_capability_requires_rev3
            00005000    .bss
            00004000    .data
ffffffff                .text
00011ff9                C$$EXIT
00013fc5                C$$IO$$
00014866                I$$LMPY
000147eb                I$$UDIV
00014800                I$$UMOD
000128f4                _AIC3204_rget
0001293f                _AIC3204_rset
000124ca                _HOSTclock
0001245f                _HOSTclose
000123aa                _HOSTlseek
0001230b                _HOSTopen
0001227e                _HOSTread
000121d0                _HOSTrename
00012172                _HOSTtime
00012108                _HOSTunlink
0001207b                _HOSTwrite
00ffff00                _Reset
0001385a                _USBSTK5505_GPIO_getInput
0001374e                _USBSTK5505_GPIO_init
00013752                _USBSTK5505_GPIO_setDirection
000137dd                _USBSTK5505_GPIO_setOutput
00013b80                _USBSTK5505_I2C_close
00013b61                _USBSTK5505_I2C_init
00013c12                _USBSTK5505_I2C_read
00013b89                _USBSTK5505_I2C_reset
00013b97                _USBSTK5505_I2C_write
00014794                _USBSTK5505_LED_init
000147b0                _USBSTK5505_LED_off
0001479f                _USBSTK5505_LED_on
0001458e                _USBSTK5505_init
00014548                _USBSTK5505_wait
0001457c                _USBSTK5505_waitusec
            00000204    __CIOBUF_
            00000424    __STACK_END
00000200                __STACK_SIZE
00000400                __SYSMEM_SIZE
00000200                __SYSSTACK_SIZE
00000001                __TI_args_main
ffffffff                ___binit__
            00005000    ___bss__
ffffffff                ___c_args__
            00000524    ___cinit__
            00004000    ___data__
            00004000    ___edata__
            00005a7e    ___end__
ffffffff                ___etext__
00014838                ___isinf
ffffffff                ___pinit__
ffffffff                ___text__
00013131                __addd
00014639                __args_main
00012d75                __cleanup
            00005a7a    __cleanup_ptr
0001351d                __cmpd
            00000060    __ctypes_
00012528                __divd
000146cf                __divli
000130fc                __divlli
000147eb                __divu
000140a6                __divul
00013008                __divull
00013e4e                __doflush
            00005a7c    __dtors_ptr
000134e9                __eqld
000147c1                __fixdi
0001439a                __fixdli
000144e1                __fltlid
0001423f                __frcmpyd
000142b5                __frcmpyd_div
            0000592c    __ft_end
            00005814    __ftable
0001349f                __geqd
00013454                __gtrd
00013407                __leqd
            00005a76    __lock
000133bf                __lssd
00013a15                __mpyd
00014866                __mpyli
00012f50                __mpylli
0001488b                __negd
0001338b                __neqd
00014889                __nop
00011362                __printfi
00013df1                __rd_ok
00014881                __register_lock
00014879                __register_unlock
00014684                __remli
00012f21                __remlli
00014800                __remu
00014328                __remul
00012ed3                __remull
            00000324    __stack
00014852                __subd
            00004000    __sys_memory
            00000424    __sysstack
            0000588c    __tmpnams
            00005a78    __unlock
00013d71                __wrt_ok
00011ff8                _abort
000119f7                _add_device
00012c40                _aic3204_close
00012961                _aic3204_init_and_set_fs_and_gain
00011f9c                _atoi
000145ec                _auto_init
00013fca                _c_int00
00011f76                _calloc
00011f6e                _chkheap
00011984                _close
            00005801    _coeff_LP1_Q14
            00005804    _coeff_LP1_Q14_struct
            00005807    _coeff_dsp_1
            0000580d    _coeff_dsp_2
00014756                _exit
000141c4                _fclose
00013eb7                _fflush
0001197b                _find_registered_device
00012e98                _fopen
00014000                _fputc
000138b2                _fputs
00011ae7                _free
00011f18                _free_memory
00012dcf                _freopen
00014476                _fseek
00012000                _getenv
            000059fd    _i2c_timeout
000135eb                _iir_biquad_dir_a
00013633                _iir_biquad_dir_s
00013575                _iir_trans_second_order
            00005000    _index
00011915                _lseek
00014147                _ltoa
00013684                _main
00011c18                _malloc
00011ebe                _max_free
00014815                _memccpy
00014717                _memcpy
00011bb3                _minit
00011856                _open
0001459c                _printf
00014000                _putc
00014097                _putchar
000139e7                _puts
000117a8                _read
00014409                _readmsg
00011d0d                _realloc
0001489b                _remove
00011772                _remove_device
00011719                _rename
00013c8b                _setvbuf
            00005001    _testInput
            00005401    _testOutput
000116e6                _unlink
000115a4                _write
00013f10                _writemsg
ffffffff                binit
            00000524    cinit
            00004000    edata
            00005a7e    end
ffffffff                etext
ffffffff                pinit


GLOBAL SYMBOLS: SORTED BY Symbol Address 

abs. value/
byte addr   word addr   name
---------   ---------   ----
00000001                $TI_capability_requires_rev3
00000001                __TI_args_main
00000002                $TI_capability$C5500$CallingConvention
00000002                $TI_capability$C5500$MemoryModel
            00000060    __ctypes_
00000200                __STACK_SIZE
00000200                __SYSSTACK_SIZE
00000400                __SYSMEM_SIZE
            00000204    __CIOBUF_
            00000324    __stack
            00000424    __STACK_END
            00000424    __sysstack
            00000524    ___cinit__
            00000524    cinit
            00004000    .data
            00004000    ___data__
            00004000    ___edata__
            00004000    __sys_memory
            00004000    edata
            00005000    .bss
            00005000    ___bss__
            00005000    _index
            00005001    _testInput
            00005401    _testOutput
            00005801    _coeff_LP1_Q14
            00005804    _coeff_LP1_Q14_struct
            00005807    _coeff_dsp_1
            0000580d    _coeff_dsp_2
            00005814    __ftable
            0000588c    __tmpnams
            0000592c    __ft_end
            000059fd    _i2c_timeout
            00005a76    __lock
            00005a78    __unlock
            00005a7a    __cleanup_ptr
            00005a7c    __dtors_ptr
            00005a7e    ___end__
            00005a7e    end
00011362                __printfi
000115a4                _write
000116e6                _unlink
00011719                _rename
00011772                _remove_device
000117a8                _read
00011856                _open
00011915                _lseek
0001197b                _find_registered_device
00011984                _close
000119f7                _add_device
00011ae7                _free
00011bb3                _minit
00011c18                _malloc
00011d0d                _realloc
00011ebe                _max_free
00011f18                _free_memory
00011f6e                _chkheap
00011f76                _calloc
00011f9c                _atoi
00011ff8                _abort
00011ff9                C$$EXIT
00012000                _getenv
0001207b                _HOSTwrite
00012108                _HOSTunlink
00012172                _HOSTtime
000121d0                _HOSTrename
0001227e                _HOSTread
0001230b                _HOSTopen
000123aa                _HOSTlseek
0001245f                _HOSTclose
000124ca                _HOSTclock
00012528                __divd
000128f4                _AIC3204_rget
0001293f                _AIC3204_rset
00012961                _aic3204_init_and_set_fs_and_gain
00012c40                _aic3204_close
00012d75                __cleanup
00012dcf                _freopen
00012e98                _fopen
00012ed3                __remull
00012f21                __remlli
00012f50                __mpylli
00013008                __divull
000130fc                __divlli
00013131                __addd
0001338b                __neqd
000133bf                __lssd
00013407                __leqd
00013454                __gtrd
0001349f                __geqd
000134e9                __eqld
0001351d                __cmpd
00013575                _iir_trans_second_order
000135eb                _iir_biquad_dir_a
00013633                _iir_biquad_dir_s
00013684                _main
0001374e                _USBSTK5505_GPIO_init
00013752                _USBSTK5505_GPIO_setDirection
000137dd                _USBSTK5505_GPIO_setOutput
0001385a                _USBSTK5505_GPIO_getInput
000138b2                _fputs
000139e7                _puts
00013a15                __mpyd
00013b61                _USBSTK5505_I2C_init
00013b80                _USBSTK5505_I2C_close
00013b89                _USBSTK5505_I2C_reset
00013b97                _USBSTK5505_I2C_write
00013c12                _USBSTK5505_I2C_read
00013c8b                _setvbuf
00013d71                __wrt_ok
00013df1                __rd_ok
00013e4e                __doflush
00013eb7                _fflush
00013f10                _writemsg
00013fc5                C$$IO$$
00013fca                _c_int00
00014000                _fputc
00014000                _putc
00014097                _putchar
000140a6                __divul
00014147                _ltoa
000141c4                _fclose
0001423f                __frcmpyd
000142b5                __frcmpyd_div
00014328                __remul
0001439a                __fixdli
00014409                _readmsg
00014476                _fseek
000144e1                __fltlid
00014548                _USBSTK5505_wait
0001457c                _USBSTK5505_waitusec
0001458e                _USBSTK5505_init
0001459c                _printf
000145ec                _auto_init
00014639                __args_main
00014684                __remli
000146cf                __divli
00014717                _memcpy
00014756                _exit
00014794                _USBSTK5505_LED_init
0001479f                _USBSTK5505_LED_on
000147b0                _USBSTK5505_LED_off
000147c1                __fixdi
000147eb                I$$UDIV
000147eb                __divu
00014800                I$$UMOD
00014800                __remu
00014815                _memccpy
00014838                ___isinf
00014852                __subd
00014866                I$$LMPY
00014866                __mpyli
00014879                __register_unlock
00014881                __register_lock
00014889                __nop
0001488b                __negd
0001489b                _remove
00ffff00                _Reset
ffffffff                .text
ffffffff                ___binit__
ffffffff                ___c_args__
ffffffff                ___etext__
ffffffff                ___pinit__
ffffffff                ___text__
ffffffff                binit
ffffffff                etext
ffffffff                pinit

[166 symbols]
